Component: ARM Compiler 5.06 update 7 (build 960) Tool: armlink [4d3601]

==============================================================================

Section Cross References

    main.o(i.assert_nrf_callback) refers to app_error_handler_keil.o(.emb_text) for app_error_handler
    main.o(i.ble_evt_handler) refers to nrf_log_frontend.o(i.nrf_log_frontend_std_0) for nrf_log_frontend_std_0
    main.o(i.ble_evt_handler) refers to bsp.o(i.bsp_indication_set) for bsp_indication_set
    main.o(i.ble_evt_handler) refers to app_error.o(i.app_error_handler_bare) for app_error_handler_bare
    main.o(i.ble_evt_handler) refers to nrf_ble_qwr.o(i.nrf_ble_qwr_conn_handle_assign) for nrf_ble_qwr_conn_handle_assign
    main.o(i.ble_evt_handler) refers to main.o(.data) for .data
    main.o(i.ble_evt_handler) refers to nrf_log_frontend.o(log_const_data) for m_nrf_log_app_logs_data_const
    main.o(i.ble_evt_handler) refers to main.o(.bss) for .bss
    main.o(i.bsp_event_handler) refers to main.o(i.sleep_mode_enter) for sleep_mode_enter
    main.o(i.bsp_event_handler) refers to app_error.o(i.app_error_handler_bare) for app_error_handler_bare
    main.o(i.bsp_event_handler) refers to ble_advertising.o(i.ble_advertising_restart_without_whitelist) for ble_advertising_restart_without_whitelist
    main.o(i.bsp_event_handler) refers to main.o(.data) for .data
    main.o(i.bsp_event_handler) refers to main.o(.bss) for .bss
    main.o(i.conn_params_error_handler) refers to app_error.o(i.app_error_handler_bare) for app_error_handler_bare
    main.o(i.gatt_evt_handler) refers to nrf_log_frontend.o(i.nrf_log_frontend_std_2) for nrf_log_frontend_std_2
    main.o(i.gatt_evt_handler) refers to main.o(.data) for .data
    main.o(i.gatt_evt_handler) refers to nrf_log_frontend.o(log_const_data) for m_nrf_log_app_logs_data_const
    main.o(i.gatt_init) refers to nrf_ble_gatt.o(i.nrf_ble_gatt_init) for nrf_ble_gatt_init
    main.o(i.gatt_init) refers to app_error.o(i.app_error_handler_bare) for app_error_handler_bare
    main.o(i.gatt_init) refers to nrf_ble_gatt.o(i.nrf_ble_gatt_att_mtu_periph_set) for nrf_ble_gatt_att_mtu_periph_set
    main.o(i.gatt_init) refers to main.o(i.gatt_evt_handler) for gatt_evt_handler
    main.o(i.gatt_init) refers to main.o(.bss) for .bss
    main.o(i.main) refers to memcpya.o(.text) for __aeabi_memcpy4
    main.o(i.main) refers to app_uart_fifo.o(i.app_uart_init) for app_uart_init
    main.o(i.main) refers to app_error.o(i.app_error_handler_bare) for app_error_handler_bare
    main.o(i.main) refers to nrf_log_frontend.o(i.nrf_log_init) for nrf_log_init
    main.o(i.main) refers to nrf_log_default_backends.o(i.nrf_log_default_backends_init) for nrf_log_default_backends_init
    main.o(i.main) refers to app_timer2.o(i.app_timer_init) for app_timer_init
    main.o(i.main) refers to bsp.o(i.bsp_init) for bsp_init
    main.o(i.main) refers to bsp_btn_ble.o(i.bsp_btn_ble_init) for bsp_btn_ble_init
    main.o(i.main) refers to nrf_pwr_mgmt.o(i.nrf_pwr_mgmt_init) for nrf_pwr_mgmt_init
    main.o(i.main) refers to nrf_sdh.o(i.nrf_sdh_enable_request) for nrf_sdh_enable_request
    main.o(i.main) refers to nrf_sdh_ble.o(i.nrf_sdh_ble_default_cfg_set) for nrf_sdh_ble_default_cfg_set
    main.o(i.main) refers to nrf_sdh_ble.o(i.nrf_sdh_ble_enable) for nrf_sdh_ble_enable
    main.o(i.main) refers to main.o(i.gatt_init) for gatt_init
    main.o(i.main) refers to nrf_ble_qwr.o(i.nrf_ble_qwr_init) for nrf_ble_qwr_init
    main.o(i.main) refers to ble_nus.o(i.ble_nus_init) for ble_nus_init
    main.o(i.main) refers to memseta.o(.text) for __aeabi_memclr4
    main.o(i.main) refers to ble_advertising.o(i.ble_advertising_init) for ble_advertising_init
    main.o(i.main) refers to ble_advertising.o(i.ble_advertising_conn_cfg_tag_set) for ble_advertising_conn_cfg_tag_set
    main.o(i.main) refers to ble_conn_params.o(i.ble_conn_params_init) for ble_conn_params_init
    main.o(i.main) refers to printfb.o(i.__0printf$bare) for __2printf
    main.o(i.main) refers to nrf_log_frontend.o(i.nrf_log_frontend_std_0) for nrf_log_frontend_std_0
    main.o(i.main) refers to ble_advertising.o(i.ble_advertising_start) for ble_advertising_start
    main.o(i.main) refers to nrf_log_frontend.o(i.nrf_log_frontend_dequeue) for nrf_log_frontend_dequeue
    main.o(i.main) refers to nrf_pwr_mgmt.o(i.nrf_pwr_mgmt_run) for nrf_pwr_mgmt_run
    main.o(i.main) refers to main.o(.constdata) for .constdata
    main.o(i.main) refers to main.o(.bss) for .bss
    main.o(i.main) refers to main.o(i.uart_event_handle) for uart_event_handle
    main.o(i.main) refers to main.o(i.bsp_event_handler) for bsp_event_handler
    main.o(i.main) refers to main.o(i.nrf_qwr_error_handler) for nrf_qwr_error_handler
    main.o(i.main) refers to main.o(i.nus_data_handler) for nus_data_handler
    main.o(i.main) refers to main.o(.data) for .data
    main.o(i.main) refers to main.o(i.on_adv_evt) for on_adv_evt
[...]
    __arm_fini_                               - Undefined Weak Reference
    __cpp_initialize__aeabi_                  - Undefined Weak Reference
    __cxa_finalize                            - Undefined Weak Reference
    _clock_init                               - Undefined Weak Reference
    _microlib_exit                            - Undefined Weak Reference
    log_dynamic_data$$Base                    - Undefined Reference
    pwr_mgmt_data0$$Base                      - Undefined Reference
    pwr_mgmt_data0$$Limit                     - Undefined Reference
    pwr_mgmt_data1$$Base                      - Undefined Reference
    pwr_mgmt_data1$$Limit                     - Undefined Reference
    pwr_mgmt_data2$$Base                      - Undefined Reference
    pwr_mgmt_data2$$Limit                     - Undefined Reference
    sdh_req_observers0$$Base                  - Undefined Reference
    sdh_req_observers0$$Limit                 - Undefined Reference
    sdh_req_observers1$$Base                  - Undefined Reference
    sdh_req_observers1$$Limit                 - Undefined Reference
    sdh_soc_observers1$$Base                  - Undefined Reference
    sdh_soc_observers1$$Limit                 - Undefined Reference
    sdh_stack_observers1$$Base                - Undefined Reference
    sdh_stack_observers1$$Limit               - Undefined Reference
    sdh_state_observers1$$Base                - Undefined Reference
    sdh_state_observers1$$Limit               - Undefined Reference
    __Vectors_Size                           0x00000200   Number         0  arm_startup_nrf52810.o ABSOLUTE
    __Vectors                                0x00019000   Data           4  arm_startup_nrf52810.o(RESET)
    __Vectors_End                            0x00019200   Data           0  arm_startup_nrf52810.o(RESET)
    __main                                   0x00019201   Thumb Code     0  entry.o(.ARM.Collect$$$$00000000)
    _main_stk                                0x00019201   Thumb Code     0  entry2.o(.ARM.Collect$$$$00000001)
    _main_scatterload                        0x00019205   Thumb Code     0  entry5.o(.ARM.Collect$$$$00000004)
    __main_after_scatterload                 0x00019209   Thumb Code     0  entry5.o(.ARM.Collect$$$$00000004)
    _main_clock                              0x00019209   Thumb Code     0  entry7b.o(.ARM.Collect$$$$00000008)
    _main_cpp_init                           0x00019209   Thumb Code     0  entry8b.o(.ARM.Collect$$$$0000000A)
    _main_init                               0x00019209   Thumb Code     0  entry9a.o(.ARM.Collect$$$$0000000B)
    __rt_lib_shutdown_fini                   0x00019211   Thumb Code     0  entry12b.o(.ARM.Collect$$$$0000000E)
    __rt_final_cpp                           0x00019215   Thumb Code     0  entry10a.o(.ARM.Collect$$$$0000000F)
    __rt_final_exit                          0x00019215   Thumb Code     0  entry11a.o(.ARM.Collect$$$$00000011)
    __asm___12_nrf_atfifo_c_51f461e1__nrf_atfifo_wspace_req 0x00019219   Thumb Code    56  nrf_atfifo.o(.emb_text)
    __asm___12_nrf_atfifo_c_51f461e1__nrf_atfifo_wspace_close 0x00019251   Thumb Code    18  nrf_atfifo.o(.emb_text)
    __asm___12_nrf_atfifo_c_51f461e1__nrf_atfifo_rspace_req 0x00019263   Thumb Code    58  nrf_atfifo.o(.emb_text)
    __asm___12_nrf_atfifo_c_51f461e1__nrf_atfifo_rspace_close 0x0001929d   Thumb Code    18  nrf_atfifo.o(.emb_text)
    __asm___12_nrf_atfifo_c_51f461e1__nrf_atfifo_space_clear 0x000192af   Thumb Code    50  nrf_atfifo.o(.emb_text)
    __asm___12_nrf_atomic_c_85ca2469__nrf_atomic_internal_mov 0x000192e1   Thumb Code    24  nrf_atomic.o(.emb_text)
    __asm___12_nrf_atomic_c_85ca2469__nrf_atomic_internal_orr 0x000192f9   Thumb Code    26  nrf_atomic.o(.emb_text)
    __asm___12_nrf_atomic_c_85ca2469__nrf_atomic_internal_and 0x00019313   Thumb Code    26  nrf_atomic.o(.emb_text)
    __asm___12_nrf_atomic_c_85ca2469__nrf_atomic_internal_eor 0x0001932d   Thumb Code    26  nrf_atomic.o(.emb_text)
    __asm___12_nrf_atomic_c_85ca2469__nrf_atomic_internal_add 0x00019347   Thumb Code    26  nrf_atomic.o(.emb_text)
    __asm___12_nrf_atomic_c_85ca2469__nrf_atomic_internal_sub 0x00019361   Thumb Code    26  nrf_atomic.o(.emb_text)
    __asm___12_nrf_atomic_c_85ca2469__nrf_atomic_internal_cmp_exch 0x0001937b   Thumb Code    42  nrf_atomic.o(.emb_text)
    __asm___12_nrf_atomic_c_85ca2469__nrf_atomic_internal_sub_hs 0x000193a5   Thumb Code    30  nrf_atomic.o(.emb_text)
    Reset_Handler                            0x000193c5   Thumb Code    42  arm_startup_nrf52810.o(.text)
    NMI_Handler                              0x000193ef   Thumb Code     2  arm_startup_nrf52810.o(.text)
    HardFault_Handler                        0x000193f1   Thumb Code     2  arm_startup_nrf52810.o(.text)
    MemoryManagement_Handler                 0x000193f3   Thumb Code     2  arm_startup_nrf52810.o(.text)
    BusFault_Handler                         0x000193f5   Thumb Code     2  arm_startup_nrf52810.o(.text)
    UsageFault_Handler                       0x000193f7   Thumb Code     2  arm_startup_nrf52810.o(.text)
    SVC_Handler                              0x000193f9   Thumb Code     2  arm_startup_nrf52810.o(.text)
    DebugMon_Handler                         0x000193fb   Thumb Code     2  arm_startup_nrf52810.o(.text)
    PendSV_Handler                           0x000193fd   Thumb Code     2  arm_startup_nrf52810.o(.text)
    SysTick_Handler                          0x000193ff   Thumb Code     2  arm_startup_nrf52810.o(.text)
    CCM_AAR_IRQHandler                       0x00019401   Thumb Code     0  arm_startup_nrf52810.o(.text)
    COMP_IRQHandler                          0x00019401   Thumb Code     0  arm_startup_nrf52810.o(.text)
    ECB_IRQHandler                           0x00019401   Thumb Code     0  arm_startup_nrf52810.o(.text)
    PDM_IRQHandler                           0x00019401   Thumb Code     0  arm_startup_nrf52810.o(.text)
    PWM0_IRQHandler                          0x00019401   Thumb Code     0  arm_startup_nrf52810.o(.text)
    QDEC_IRQHandler                          0x00019401   Thumb Code     0  arm_startup_nrf52810.o(.text)
    RADIO_IRQHandler                         0x00019401   Thumb Code     0  arm_startup_nrf52810.o(.text)
    RNG_IRQHandler                           0x00019401   Thumb Code     0  arm_startup_nrf52810.o(.text)
    RTC0_IRQHandler                          0x00019401   Thumb Code     0  arm_startup_nrf52810.o(.text)
    SAADC_IRQHandler                         0x00019401   Thumb Code     0  arm_startup_nrf52810.o(.text)
    SPIM0_SPIS0_SPI0_IRQHandler              0x00019401   Thumb Code     0  arm_startup_nrf52810.o(.text)
    SWI0_EGU0_IRQHandler                     0x00019401   Thumb Code     0  arm_startup_nrf52810.o(.text)
    SWI1_EGU1_IRQHandler                     0x00019401   Thumb Code     0  arm_startup_nrf52810.o(.text)
    SWI3_IRQHandler                          0x00019401   Thumb Code     0  arm_startup_nrf52810.o(.text)
    SWI4_IRQHandler                          0x00019401   Thumb Code     0  arm_startup_nrf52810.o(.text)
    SWI5_IRQHandler                          0x00019401   Thumb Code     0  arm_startup_nrf52810.o(.text)
    TEMP_IRQHandler                          0x00019401   Thumb Code     0  arm_startup_nrf52810.o(.text)
    TIMER0_IRQHandler                        0x00019401   Thumb Code     0  arm_startup_nrf52810.o(.text)
    TIMER1_IRQHandler                        0x00019401   Thumb Code     0  arm_startup_nrf52810.o(.text)
    TIMER2_IRQHandler                        0x00019401   Thumb Code     0  arm_startup_nrf52810.o(.text)
    TWIM0_TWIS0_TWI0_IRQHandler              0x00019401   Thumb Code     0  arm_startup_nrf52810.o(.text)
    WDT_IRQHandler                           0x00019401   Thumb Code     0  arm_startup_nrf52810.o(.text)
    __aeabi_uldivmod                         0x00019419   Thumb Code    98  uldiv.o(.text)
    __aeabi_llsl                             0x0001947b   Thumb Code    30  llshl.o(.text)
    _ll_shift_l                              0x0001947b   Thumb Code     0  llshl.o(.text)
    __rt_ctype_table                         0x00019499   Thumb Code     4  ctype_o.o(.text)
    __aeabi_memcpy                           0x000194a1   Thumb Code    36  memcpya.o(.text)
    __aeabi_memcpy4                          0x000194a1   Thumb Code     0  memcpya.o(.text)
    __aeabi_memcpy8                          0x000194a1   Thumb Code     0  memcpya.o(.text)
    __aeabi_memset                           0x000194c5   Thumb Code    14  memseta.o(.text)
    __aeabi_memset4                          0x000194c5   Thumb Code     0  memseta.o(.text)
    __aeabi_memset8                          0x000194c5   Thumb Code     0  memseta.o(.text)
    __aeabi_memclr                           0x000194d3   Thumb Code     4  memseta.o(.text)
    __aeabi_memclr4                          0x000194d3   Thumb Code     0  memseta.o(.text)
    __aeabi_memclr8                          0x000194d3   Thumb Code     0  memseta.o(.text)
    _memset$wrapper                          0x000194d7   Thumb Code    18  memseta.o(.text)
    strlen                                   0x000194e9   Thumb Code    14  strlen.o(.text)
    strcpy                                   0x000194f7   Thumb Code    18  strcpy.o(.text)
    __aeabi_llsr                             0x00019509   Thumb Code    32  llushr.o(.text)
    _ll_ushift_r                             0x00019509   Thumb Code     0  llushr.o(.text)
    __scatterload                            0x00019529   Thumb Code    28  init.o(.text)
    __scatterload_rt2                        0x00019529   Thumb Code     0  init.o(.text)
    __decompress                             0x0001954d   Thumb Code     0  __dczerorl2.o(.text)
    __decompress1                            0x0001954d   Thumb Code    86  __dczerorl2.o(.text)
    GPIOTE_IRQHandler                        0x000195a5   Thumb Code   346  nrfx_gpiote.o(i.GPIOTE_IRQHandler)
    POWER_CLOCK_IRQHandler                   0x00019709   Thumb Code    82  nrfx_clock.o(i.POWER_CLOCK_IRQHandler)
    RTC1_IRQHandler                          0x00019761   Thumb Code    12  drv_rtc.o(i.RTC1_IRQHandler)
    SEGGER_RTT_Init                          0x00019771   Thumb Code     4  segger_rtt.o(i.SEGGER_RTT_Init)
    SEGGER_RTT_WriteNoLock                   0x00019775   Thumb Code    86  segger_rtt.o(i.SEGGER_RTT_WriteNoLock)
    SWI2_IRQHandler                          0x000197d1   Thumb Code     4  nrf_sdh.o(i.SWI2_IRQHandler)
    SystemInit                               0x000197d5   Thumb Code   694  system_nrf52810.o(i.SystemInit)
    UARTE0_UART0_IRQHandler                  0x00019ad5   Thumb Code     6  nrfx_prs.o(i.UARTE0_UART0_IRQHandler)
    __0printf$bare                           0x00019bfd   Thumb Code     8  printfb.o(i.__0printf$bare)
    __1printf$bare                           0x00019bfd   Thumb Code     0  printfb.o(i.__0printf$bare)
    __2printf                                0x00019bfd   Thumb Code     0  printfb.o(i.__0printf$bare)
    __scatterload_copy                       0x00019c0d   Thumb Code    14  handlers.o(i.__scatterload_copy)
    __scatterload_null                       0x00019c1b   Thumb Code     2  handlers.o(i.__scatterload_null)
    __scatterload_zeroinit                   0x00019c1d   Thumb Code    14  handlers.o(i.__scatterload_zeroinit)
    app_button_enable                        0x00019cb9   Thumb Code    32  app_button.o(i.app_button_enable)
    app_button_init                          0x00019cdd   Thumb Code   106  app_button.o(i.app_button_init)
    app_error_fault_handler                  0x00019d5d   Thumb Code    86  app_error_weak.o(i.app_error_fault_handler)
    app_error_handler_bare                   0x00019de1   Thumb Code    22  app_error.o(i.app_error_handler_bare)
    app_fifo_get                             0x00019df7   Thumb Code    22  app_fifo.o(i.app_fifo_get)
    app_fifo_init                            0x00019e0d   Thumb Code    32  app_fifo.o(i.app_fifo_init)
    app_fifo_put                             0x00019e2d   Thumb Code    26  app_fifo.o(i.app_fifo_put)
    app_timer_cnt_get                        0x00019e49   Thumb Code     6  app_timer2.o(i.app_timer_cnt_get)
    app_timer_create                         0x00019e55   Thumb Code    22  app_timer2.o(i.app_timer_create)
    app_timer_init                           0x00019e6d   Thumb Code    70  app_timer2.o(i.app_timer_init)
    app_timer_start                          0x00019ec9   Thumb Code    48  app_timer2.o(i.app_timer_start)
    app_timer_stop                           0x00019ef9   Thumb Code    12  app_timer2.o(i.app_timer_stop)
    app_uart_get                             0x00019f05   Thumb Code    42  app_uart_fifo.o(i.app_uart_get)
    app_uart_init                            0x00019f39   Thumb Code   148  app_uart_fifo.o(i.app_uart_init)
    app_uart_put                             0x00019fdd   Thumb Code    70  app_uart_fifo.o(i.app_uart_put)
    app_util_critical_region_enter           0x0001a031   Thumb Code    64  app_util_platform.o(i.app_util_critical_region_enter)
    app_util_critical_region_exit            0x0001a079   Thumb Code    46  app_util_platform.o(i.app_util_critical_region_exit)
    blcm_link_ctx_get                        0x0001a1bd   Thumb Code    72  ble_link_ctx_manager.o(i.blcm_link_ctx_get)
    ble_advdata_encode                       0x0001a205   Thumb Code   386  ble_advdata.o(i.ble_advdata_encode)
    ble_advdata_parse                        0x0001a387   Thumb Code    32  ble_advdata.o(i.ble_advdata_parse)
    ble_advdata_search                       0x0001a3a7   Thumb Code    64  ble_advdata.o(i.ble_advdata_search)
    ble_advertising_conn_cfg_tag_set         0x0001a3e7   Thumb Code     6  ble_advertising.o(i.ble_advertising_conn_cfg_tag_set)
    ble_advertising_init                     0x0001a3ed   Thumb Code   248  ble_advertising.o(i.ble_advertising_init)
    ble_advertising_on_ble_evt               0x0001a4e5   Thumb Code   106  ble_advertising.o(i.ble_advertising_on_ble_evt)
    ble_advertising_restart_without_whitelist 0x0001a54f   Thumb Code    58  ble_advertising.o(i.ble_advertising_restart_without_whitelist)
    ble_advertising_start                    0x0001a589   Thumb Code   514  ble_advertising.o(i.ble_advertising_start)
    ble_conn_params_init                     0x0001a78d   Thumb Code    90  ble_conn_params.o(i.ble_conn_params_init)
    ble_conn_state_conn_idx                  0x0001a7f5   Thumb Code    18  ble_conn_state.o(i.ble_conn_state_conn_idx)
    ble_conn_state_valid                     0x0001a809   Thumb Code    16  ble_conn_state.o(i.ble_conn_state_valid)
    ble_nus_data_send                        0x0001abdd   Thumb Code   102  ble_nus.o(i.ble_nus_data_send)
    ble_nus_init                             0x0001ac45   Thumb Code   206  ble_nus.o(i.ble_nus_init)
    ble_nus_on_ble_evt                       0x0001ad19   Thumb Code   114  ble_nus.o(i.ble_nus_on_ble_evt)
    ble_srv_is_notification_enabled          0x0001ad8b   Thumb Code     8  ble_srv_common.o(i.ble_srv_is_notification_enabled)
    bsp_board_button_idx_to_pin              0x0001ad95   Thumb Code     6  boards.o(i.bsp_board_button_idx_to_pin)
    bsp_board_button_state_get               0x0001ada1   Thumb Code    28  boards.o(i.bsp_board_button_state_get)
    bsp_board_init                           0x0001adc1   Thumb Code    80  boards.o(i.bsp_board_init)
    bsp_board_led_invert                     0x0001ae15   Thumb Code    32  boards.o(i.bsp_board_led_invert)
    bsp_board_led_off                        0x0001ae39   Thumb Code    10  boards.o(i.bsp_board_led_off)
    bsp_board_led_on                         0x0001ae49   Thumb Code    10  boards.o(i.bsp_board_led_on)
    bsp_board_led_state_get                  0x0001ae59   Thumb Code    28  boards.o(i.bsp_board_led_state_get)
    bsp_board_leds_off                       0x0001ae79   Thumb Code    18  boards.o(i.bsp_board_leds_off)
    bsp_board_leds_on                        0x0001ae8b   Thumb Code    18  boards.o(i.bsp_board_leds_on)
    bsp_board_pin_to_button_idx              0x0001ae9d   Thumb Code    30  boards.o(i.bsp_board_pin_to_button_idx)
    bsp_btn_ble_init                         0x0001aec1   Thumb Code    52  bsp_btn_ble.o(i.bsp_btn_ble_init)
    bsp_btn_ble_sleep_mode_prepare           0x0001aef9   Thumb Code    30  bsp_btn_ble.o(i.bsp_btn_ble_sleep_mode_prepare)
    bsp_button_is_pressed                    0x0001afa9   Thumb Code    12  bsp.o(i.bsp_button_is_pressed)
    bsp_event_handler                        0x0001afb5   Thumb Code    66  main.o(i.bsp_event_handler)
    bsp_event_to_button_action_assign        0x0001b001   Thumb Code    64  bsp.o(i.bsp_event_to_button_action_assign)
    bsp_indication_set                       0x0001b045   Thumb Code    20  bsp.o(i.bsp_indication_set)
    bsp_init                                 0x0001b05d   Thumb Code   128  bsp.o(i.bsp_init)
    bsp_wakeup_button_enable                 0x0001b2b9   Thumb Code     6  bsp.o(i.bsp_wakeup_button_enable)
    buffer_is_empty                          0x0001b381   Thumb Code    16  nrf_log_frontend.o(i.buffer_is_empty)
    characteristic_add                       0x0001b439   Thumb Code   400  ble_srv_common.o(i.characteristic_add)
    conn_handle_list_get                     0x0001b625   Thumb Code    62  ble_conn_state.o(i.conn_handle_list_get)
    drv_rtc_compare_disable                  0x0001b795   Thumb Code    20  drv_rtc.o(i.drv_rtc_compare_disable)
    drv_rtc_compare_pending                  0x0001b7a9   Thumb Code    14  drv_rtc.o(i.drv_rtc_compare_pending)
    drv_rtc_compare_set                      0x0001b7b7   Thumb Code    80  drv_rtc.o(i.drv_rtc_compare_set)
    drv_rtc_counter_get                      0x0001b807   Thumb Code     8  drv_rtc.o(i.drv_rtc_counter_get)
    drv_rtc_init                             0x0001b811   Thumb Code   144  drv_rtc.o(i.drv_rtc_init)
    drv_rtc_irq_trigger                      0x0001b8e5   Thumb Code    26  drv_rtc.o(i.drv_rtc_irq_trigger)
    drv_rtc_overflow_enable                  0x0001b8ff   Thumb Code     8  drv_rtc.o(i.drv_rtc_overflow_enable)
    drv_rtc_overflow_pending                 0x0001b907   Thumb Code     8  drv_rtc.o(i.drv_rtc_overflow_pending)
    drv_rtc_start                            0x0001b90f   Thumb Code     8  drv_rtc.o(i.drv_rtc_start)
    drv_rtc_stop                             0x0001b917   Thumb Code     8  drv_rtc.o(i.drv_rtc_stop)
    drv_rtc_windowed_compare_set             0x0001b91f   Thumb Code   222  drv_rtc.o(i.drv_rtc_windowed_compare_set)
    evt_handle                               0x0001baf5   Thumb Code   216  app_button.o(i.evt_handle)
    fputc                                    0x0001bc41   Thumb Code    14  retarget.o(i.fputc)
    gatt_evt_handler                         0x0001bc51   Thumb Code    52  main.o(i.gatt_evt_handler)
    gatt_init                                0x0001bcad   Thumb Code    38  main.o(i.gatt_init)
    main                                     0x0001bff5   Thumb Code   456  main.o(i.main)
    nrf_atfifo_init                          0x0001c3fb   Thumb Code    38  nrf_atfifo.o(i.nrf_atfifo_init)
    nrf_atfifo_item_alloc                    0x0001c421   Thumb Code    22  nrf_atfifo.o(i.nrf_atfifo_item_alloc)
    nrf_atfifo_item_free                     0x0001c437   Thumb Code    22  nrf_atfifo.o(i.nrf_atfifo_item_free)
    nrf_atfifo_item_get                      0x0001c44d   Thumb Code    22  nrf_atfifo.o(i.nrf_atfifo_item_get)
    nrf_atfifo_item_put                      0x0001c463   Thumb Code    22  nrf_atfifo.o(i.nrf_atfifo_item_put)
    nrf_atflags_clear                        0x0001c479   Thumb Code    22  nrf_atflags.o(i.nrf_atflags_clear)
    nrf_atflags_get                          0x0001c48f   Thumb Code    22  nrf_atflags.o(i.nrf_atflags_get)
    nrf_atflags_set                          0x0001c4a5   Thumb Code    20  nrf_atflags.o(i.nrf_atflags_set)
    nrf_atomic_flag_clear_fetch              0x0001c4b9   Thumb Code     6  nrf_atomic.o(i.nrf_atomic_flag_clear_fetch)
    nrf_atomic_flag_set                      0x0001c4bf   Thumb Code     6  nrf_atomic.o(i.nrf_atomic_flag_set)
    nrf_atomic_u32_add                       0x0001c4c5   Thumb Code    12  nrf_atomic.o(i.nrf_atomic_u32_add)
    nrf_atomic_u32_and                       0x0001c4d1   Thumb Code    12  nrf_atomic.o(i.nrf_atomic_u32_and)
    nrf_atomic_u32_fetch_and                 0x0001c4dd   Thumb Code    10  nrf_atomic.o(i.nrf_atomic_u32_fetch_and)
    nrf_atomic_u32_fetch_store               0x0001c4e7   Thumb Code    10  nrf_atomic.o(i.nrf_atomic_u32_fetch_store)
    nrf_atomic_u32_or                        0x0001c4f1   Thumb Code    12  nrf_atomic.o(i.nrf_atomic_u32_or)
    nrf_atomic_u32_sub                       0x0001c4fd   Thumb Code    12  nrf_atomic.o(i.nrf_atomic_u32_sub)
    nrf_balloc_alloc                         0x0001c509   Thumb Code    68  nrf_balloc.o(i.nrf_balloc_alloc)
    nrf_balloc_free                          0x0001c54d   Thumb Code    48  nrf_balloc.o(i.nrf_balloc_free)
    nrf_balloc_init                          0x0001c57d   Thumb Code    48  nrf_balloc.o(i.nrf_balloc_init)
    nrf_ble_gatt_att_mtu_periph_set          0x0001c5d1   Thumb Code    24  nrf_ble_gatt.o(i.nrf_ble_gatt_att_mtu_periph_set)
    nrf_ble_gatt_init                        0x0001c5e9   Thumb Code    34  nrf_ble_gatt.o(i.nrf_ble_gatt_init)
    nrf_ble_gatt_on_ble_evt                  0x0001c60d   Thumb Code   180  nrf_ble_gatt.o(i.nrf_ble_gatt_on_ble_evt)
    nrf_ble_qwr_conn_handle_assign           0x0001c701   Thumb Code    22  nrf_ble_qwr.o(i.nrf_ble_qwr_conn_handle_assign)
    nrf_ble_qwr_init                         0x0001c717   Thumb Code    36  nrf_ble_qwr.o(i.nrf_ble_qwr_init)
    nrf_ble_qwr_on_ble_evt                   0x0001c73b   Thumb Code   182  nrf_ble_qwr.o(i.nrf_ble_qwr_on_ble_evt)
    nrf_drv_clock_init                       0x0001c811   Thumb Code    48  nrf_drv_clock.o(i.nrf_drv_clock_init)
    nrf_drv_clock_lfclk_release              0x0001c849   Thumb Code    42  nrf_drv_clock.o(i.nrf_drv_clock_lfclk_release)
    nrf_drv_uart_init                        0x0001c879   Thumb Code    90  nrf_drv_uart.o(i.nrf_drv_uart_init)
    nrf_fprintf                              0x0001c921   Thumb Code    26  nrf_fprintf.o(i.nrf_fprintf)
    nrf_fprintf_buffer_flush                 0x0001c93b   Thumb Code    24  nrf_fprintf.o(i.nrf_fprintf_buffer_flush)
    nrf_fprintf_fmt                          0x0001c953   Thumb Code   474  nrf_fprintf_format.o(i.nrf_fprintf_fmt)
    nrf_log_backend_add                      0x0001cc8d   Thumb Code    86  nrf_log_frontend.o(i.nrf_log_backend_add)
    nrf_log_backend_rtt_init                 0x0001cceb   Thumb Code     4  nrf_log_backend_rtt.o(i.nrf_log_backend_rtt_init)
    nrf_log_backend_serial_put               0x0001cd09   Thumb Code   194  nrf_log_backend_serial.o(i.nrf_log_backend_serial_put)
    nrf_log_color_id_get                     0x0001cdcd   Thumb Code    42  nrf_log_frontend.o(i.nrf_log_color_id_get)
    nrf_log_default_backends_init            0x0001cdfd   Thumb Code    24  nrf_log_default_backends.o(i.nrf_log_default_backends_init)
    nrf_log_frontend_dequeue                 0x0001ce19   Thumb Code   524  nrf_log_frontend.o(i.nrf_log_frontend_dequeue)
    nrf_log_frontend_std_0                   0x0001d049   Thumb Code     8  nrf_log_frontend.o(i.nrf_log_frontend_std_0)
    nrf_log_frontend_std_1                   0x0001d051   Thumb Code    14  nrf_log_frontend.o(i.nrf_log_frontend_std_1)
    nrf_log_frontend_std_2                   0x0001d05f   Thumb Code    16  nrf_log_frontend.o(i.nrf_log_frontend_std_2)
    nrf_log_hexdump_entry_process            0x0001d071   Thumb Code   150  nrf_log_str_formatter.o(i.nrf_log_hexdump_entry_process)
    nrf_log_init                             0x0001d121   Thumb Code    46  nrf_log_frontend.o(i.nrf_log_init)
    nrf_log_module_cnt_get                   0x0001d15d   Thumb Code    10  nrf_log_frontend.o(i.nrf_log_module_cnt_get)
    nrf_log_module_name_get                  0x0001d171   Thumb Code    24  nrf_log_frontend.o(i.nrf_log_module_name_get)
    nrf_log_panic                            0x0001d18d   Thumb Code    38  nrf_log_frontend.o(i.nrf_log_panic)
    nrf_log_std_entry_process                0x0001d1b9   Thumb Code   182  nrf_log_str_formatter.o(i.nrf_log_std_entry_process)
    nrf_memobj_alloc                         0x0001d26f   Thumb Code    96  nrf_memobj.o(i.nrf_memobj_alloc)
    nrf_memobj_free                          0x0001d2cf   Thumb Code    50  nrf_memobj.o(i.nrf_memobj_free)
    nrf_memobj_get                           0x0001d301   Thumb Code     8  nrf_memobj.o(i.nrf_memobj_get)
    nrf_memobj_pool_init                     0x0001d309   Thumb Code     4  nrf_memobj.o(i.nrf_memobj_pool_init)
    nrf_memobj_put                           0x0001d30d   Thumb Code    30  nrf_memobj.o(i.nrf_memobj_put)
    nrf_memobj_read                          0x0001d32b   Thumb Code    16  nrf_memobj.o(i.nrf_memobj_read)
    nrf_memobj_write                         0x0001d33b   Thumb Code    16  nrf_memobj.o(i.nrf_memobj_write)
    nrf_pwr_mgmt_init                        0x0001d34d   Thumb Code    28  nrf_pwr_mgmt.o(i.nrf_pwr_mgmt_init)
    nrf_pwr_mgmt_run                         0x0001d375   Thumb Code    20  nrf_pwr_mgmt.o(i.nrf_pwr_mgmt_run)
    nrf_ringbuf_init                         0x0001d38d   Thumb Code    28  nrf_ringbuf.o(i.nrf_ringbuf_init)
    nrf_sdh_ble_app_ram_start_get            0x0001d3b5   Thumb Code    16  nrf_sdh_ble.o(i.nrf_sdh_ble_app_ram_start_get)
    nrf_sdh_ble_default_cfg_set              0x0001d3c9   Thumb Code   264  nrf_sdh_ble.o(i.nrf_sdh_ble_default_cfg_set)
    nrf_sdh_ble_enable                       0x0001d4f1   Thumb Code   116  nrf_sdh_ble.o(i.nrf_sdh_ble_enable)
    nrf_sdh_enable_request                   0x0001d681   Thumb Code   102  nrf_sdh.o(i.nrf_sdh_enable_request)
    nrf_sdh_evts_poll                        0x0001d6f5   Thumb Code    32  nrf_sdh.o(i.nrf_sdh_evts_poll)
    nrf_sdh_is_enabled                       0x0001d719   Thumb Code     6  nrf_sdh.o(i.nrf_sdh_is_enabled)
    nrf_section_iter_init                    0x0001d761   Thumb Code    10  nrf_section_iter.o(i.nrf_section_iter_init)
    nrf_section_iter_next                    0x0001d78f   Thumb Code    32  nrf_section_iter.o(i.nrf_section_iter_next)
    nrf_sortlist_add                         0x0001d7af   Thumb Code    34  nrf_sortlist.o(i.nrf_sortlist_add)
    nrf_sortlist_peek                        0x0001d7d1   Thumb Code     6  nrf_sortlist.o(i.nrf_sortlist_peek)
    nrf_sortlist_pop                         0x0001d7d7   Thumb Code    14  nrf_sortlist.o(i.nrf_sortlist_pop)
    nrf_sortlist_remove                      0x0001d7e5   Thumb Code    30  nrf_sortlist.o(i.nrf_sortlist_remove)
    nrf_strerror_find                        0x0001d805   Thumb Code    52  nrf_strerror.o(i.nrf_strerror_find)
    nrf_strerror_get                         0x0001d83d   Thumb Code    14  nrf_strerror.o(i.nrf_strerror_get)
    nrfx_clock_enable                        0x0001d889   Thumb Code    34  nrfx_clock.o(i.nrfx_clock_enable)
    nrfx_clock_init                          0x0001d8b5   Thumb Code    26  nrfx_clock.o(i.nrfx_clock_init)
    nrfx_clock_lfclk_stop                    0x0001d8d5   Thumb Code    20  nrfx_clock.o(i.nrfx_clock_lfclk_stop)
    nrfx_gpiote_in_event_enable              0x0001d901   Thumb Code   156  nrfx_gpiote.o(i.nrfx_gpiote_in_event_enable)
    nrfx_gpiote_in_init                      0x0001d9a5   Thumb Code   194  nrfx_gpiote.o(i.nrfx_gpiote_in_init)
    nrfx_gpiote_in_is_set                    0x0001da75   Thumb Code    20  nrfx_gpiote.o(i.nrfx_gpiote_in_is_set)
    nrfx_gpiote_init                         0x0001da89   Thumb Code    94  nrfx_gpiote.o(i.nrfx_gpiote_init)
    nrfx_gpiote_is_init                      0x0001daf5   Thumb Code    14  nrfx_gpiote.o(i.nrfx_gpiote_is_init)
    nrfx_prs_acquire                         0x0001db19   Thumb Code    58  nrfx_prs.o(i.nrfx_prs_acquire)
    nrfx_uart_0_irq_handler                  0x0001db55   Thumb Code     8  nrfx_uart.o(i.nrfx_uart_0_irq_handler)
    nrfx_uart_init                           0x0001db65   Thumb Code   196  nrfx_uart.o(i.nrfx_uart_init)
    nrfx_uart_rx                             0x0001dc35   Thumb Code   230  nrfx_uart.o(i.nrfx_uart_rx)
    nrfx_uart_tx                             0x0001dd21   Thumb Code   162  nrfx_uart.o(i.nrfx_uart_tx)
    nrfx_uart_tx_in_progress                 0x0001ddc9   Thumb Code    26  nrfx_uart.o(i.nrfx_uart_tx_in_progress)
    nrfx_uarte_0_irq_handler                 0x0001dde9   Thumb Code     8  nrfx_uarte.o(i.nrfx_uarte_0_irq_handler)
    nrfx_uarte_init                          0x0001ddf9   Thumb Code   100  nrfx_uarte.o(i.nrfx_uarte_init)
    nrfx_uarte_rx                            0x0001de65   Thumb Code   256  nrfx_uarte.o(i.nrfx_uarte_rx)
    nrfx_uarte_tx                            0x0001df69   Thumb Code   166  nrfx_uarte.o(i.nrfx_uarte_tx)
    nrfx_uarte_tx_in_progress                0x0001e015   Thumb Code    22  nrfx_uarte.o(i.nrfx_uarte_tx_in_progress)
    uart_event_handle                        0x0001eab1   Thumb Code   112  main.o(i.uart_event_handle)
    nrf_log_backend_rtt_api                  0x0001f328   Data          12  nrf_log_backend_rtt.o(.constdata)
    m_ram_start                              0x0001f3cc   Data           4  nrf_sdh_ble.o(.constdata)
    __ctype_table                            0x0001f3f8   Data         129  ctype_o.o(.constdata)
    Region$$Table$$Base                      0x0001fb4c   Number         0  anon$$obj.o(Region$$Table)
    Region$$Table$$Limit                     0x0001fb6c   Number         0  anon$$obj.o(Region$$Table)
    log_const_data$$Base                     0x0001fb7c   Number         0  nrf_ble_gatt.o(log_const_data)
    m_nrf_log_nrf_ble_gatt_logs_data_const   0x0001fb7c   Data           8  nrf_ble_gatt.o(log_const_data)
    m_nrf_log_ble_nus_logs_data_const        0x0001fb84   Data           8  ble_nus.o(log_const_data)
    m_nrf_log_clock_logs_data_const          0x0001fb8c   Data           8  nrf_drv_clock.o(log_const_data)
    m_nrf_log_CLOCK_logs_data_const          0x0001fb94   Data           8  nrfx_clock.o(log_const_data)
    m_nrf_log_GPIOTE_logs_data_const         0x0001fb9c   Data           8  nrfx_gpiote.o(log_const_data)
    m_nrf_log_PRS_logs_data_const            0x0001fba4   Data           8  nrfx_prs.o(log_const_data)
    m_nrf_log_UART_logs_data_const           0x0001fbac   Data           8  nrfx_uart.o(log_const_data)
    m_nrf_log_UARTE_logs_data_const          0x0001fbb4   Data           8  nrfx_uarte.o(log_const_data)
    m_nrf_log_app_button_logs_data_const     0x0001fbbc   Data           8  app_button.o(log_const_data)
    m_nrf_log_app_timer_logs_data_const      0x0001fbc4   Data           8  app_timer2.o(log_const_data)
    m_nrf_log_pwr_mgmt_logs_data_const       0x0001fbcc   Data           8  nrf_pwr_mgmt.o(log_const_data)
    m_nrf_log_sortlist_logs_data_const       0x0001fbd4   Data           8  nrf_sortlist.o(log_const_data)
    m_nrf_log_app_logs_data_const            0x0001fbdc   Data           8  nrf_log_frontend.o(log_const_data)
    m_nrf_log_nrf_sdh_logs_data_const        0x0001fbe4   Data           8  nrf_sdh.o(log_const_data)
    m_nrf_log_nrf_sdh_ble_logs_data_const    0x0001fbec   Data           8  nrf_sdh_ble.o(log_const_data)
    m_nrf_log_nrf_sdh_soc_logs_data_const    0x0001fbf4   Data           8  nrf_sdh_soc.o(log_const_data)
    log_const_data$$Limit                    0x0001fbfc   Number         0  nrf_sdh_soc.o(log_const_data)
    log_mempool                              0x0001fbfc   Data          20  nrf_log_frontend.o(nrf_balloc)
    sdh_ble_observers0$$Base                 0x0001fc10   Number         0  ble_conn_state.o(sdh_ble_observers0)
    sdh_ble_observers0$$Limit                0x0001fc18   Number         0  ble_conn_state.o(sdh_ble_observers0)
    sdh_ble_observers1$$Base                 0x0001fc18   Number         0  main.o(sdh_ble_observers1)
    sdh_ble_observers1$$Limit                0x0001fc38   Number         0  ble_conn_params.o(sdh_ble_observers1)
    sdh_ble_observers2$$Base                 0x0001fc38   Number         0  main.o(sdh_ble_observers2)
    sdh_ble_observers2$$Limit                0x0001fc48   Number         0  main.o(sdh_ble_observers2)
    sdh_ble_observers3$$Base                 0x0001fc48   Number         0  main.o(sdh_ble_observers3)
    sdh_ble_observers3$$Limit                0x0001fc50   Number         0  main.o(sdh_ble_observers3)
    sdh_soc_observers0$$Base                 0x0001fc50   Number         0  nrf_drv_clock.o(sdh_soc_observers0)
    sdh_soc_observers0$$Limit                0x0001fc58   Number         0  nrf_drv_clock.o(sdh_soc_observers0)
    sdh_stack_observers0$$Base               0x0001fc58   Number         0  nrf_sdh_ble.o(sdh_stack_observers0)
    sdh_stack_observers0$$Limit              0x0001fc68   Number         0  nrf_sdh_soc.o(sdh_stack_observers0)
    sdh_state_observers0$$Base               0x0001fc68   Number         0  nrf_drv_clock.o(sdh_state_observers0)
    sdh_state_observers0$$Limit              0x0001fc70   Number         0  nrf_drv_clock.o(sdh_state_observers0)
    Image$$RW_IRAM1$$Base                    0x200022c8   Number         0  anon$$obj.o ABSOLUTE
    nrf_drv_uart_use_easy_dma                0x2000231c   Data           1  nrf_drv_uart.o(.data)
    __stdout                                 0x200023a4   Data           4  retarget.o(.data)
    SystemCoreClock                          0x20002408   Data           4  system_nrf52810.o(.data)
    nrf_nvic_state                           0x20002ad0   Data          12  app_util_platform.o(.bss)
    _SEGGER_RTT                              0x200030a4   Data         120  segger_rtt.o(.bss)
    __initial_sp                             0x20003b30   Data           0  arm_startup_nrf52810.o(STACK)



==============================================================================

Memory Map of the image

  Image Entry point : 0x00019201

  Load Region LR_IROM1 (Base: 0x00019000, Size: 0x00006db4, Max: 0x00017000, ABSOLUTE, COMPRESSED[0x00006cc8])

    Execution Region ER_IROM1 (Exec base: 0x00019000, Load base: 0x00019000, Size: 0x00006c70, Max: 0x00017000, ABSOLUTE)

    Exec Addr    Load Addr    Size         Type   Attr      Idx    E Section Name        Object

    0x00019000   0x00019000   0x00000200   Data   RO         5050    RESET               arm_startup_nrf52810.o
    0x00019200   0x00019200   0x00000000   Code   RO         5106  * .ARM.Collect$$$$00000000  mc_w.l(entry.o)
    0x00019200   0x00019200   0x00000004   Code   RO         5413    .ARM.Collect$$$$00000001  mc_w.l(entry2.o)
    0x00019204   0x00019204   0x00000004   Code   RO         5416    .ARM.Collect$$$$00000004  mc_w.l(entry5.o)
    0x00019208   0x00019208   0x00000000   Code   RO         5418    .ARM.Collect$$$$00000008  mc_w.l(entry7b.o)
    0x00019208   0x00019208   0x00000000   Code   RO         5420    .ARM.Collect$$$$0000000A  mc_w.l(entry8b.o)
    0x00019208   0x00019208   0x00000008   Code   RO         5421    .ARM.Collect$$$$0000000B  mc_w.l(entry9a.o)
    0x00019210   0x00019210   0x00000004   Code   RO         5428    .ARM.Collect$$$$0000000E  mc_w.l(entry12b.o)
    0x00019214   0x00019214   0x00000000   Code   RO         5423    .ARM.Collect$$$$0000000F  mc_w.l(entry10a.o)
    0x00019214   0x00019214   0x00000000   Code   RO         5425    .ARM.Collect$$$$00000011  mc_w.l(entry11a.o)
    0x00019214   0x00019214   0x00000004   Code   RO         5414    .ARM.Collect$$$$00002712  mc_w.l(entry2.o)
    0x00019218   0x00019218   0x000000c8   Code   RO         3445    .emb_text           nrf_atfifo.o
    0x000192e0   0x000192e0   0x000000e2   Code   RO         3581    .emb_text           nrf_atomic.o
    0x000193c2   0x000193c2   0x00000002   PAD
    0x000193c4   0x000193c4   0x00000054   Code   RO         5051    .text               arm_startup_nrf52810.o
    0x00019418   0x00019418   0x00000062   Code   RO         5109    .text               mc_w.l(uldiv.o)
    0x0001947a   0x0001947a   0x0000001e   Code   RO         5111    .text               mc_w.l(llshl.o)
    0x00019498   0x00019498   0x00000008   Code   RO         5113    .text               mc_w.l(ctype_o.o)
    0x000194a0   0x000194a0   0x00000024   Code   RO         5141    .text               mc_w.l(memcpya.o)
    0x000194c4   0x000194c4   0x00000024   Code   RO         5143    .text               mc_w.l(memseta.o)
    0x000194e8   0x000194e8   0x0000000e   Code   RO         5145    .text               mc_w.l(strlen.o)
    0x000194f6   0x000194f6   0x00000012   Code   RO         5149    .text               mc_w.l(strcpy.o)
    0x00019508   0x00019508   0x00000020   Code   RO         5431    .text               mc_w.l(llushr.o)
    0x00019528   0x00019528   0x00000024   Code   RO         5444    .text               mc_w.l(init.o)
    0x0001954c   0x0001954c   0x00000056   Code   RO         5458    .text               mc_w.l(__dczerorl2.o)
    0x000195a2   0x000195a2   0x00000002   PAD
    0x000195a4   0x000195a4   0x00000164   Code   RO         1944    i.GPIOTE_IRQHandler  nrfx_gpiote.o
    0x00019708   0x00019708   0x00000058   Code   RO         1806    i.POWER_CLOCK_IRQHandler  nrfx_clock.o
    0x00019760   0x00019760   0x00000010   Code   RO         3234    i.RTC1_IRQHandler   drv_rtc.o
    0x00019770   0x00019770   0x00000004   Code   RO         4590    i.SEGGER_RTT_Init   segger_rtt.o
    0x00019774   0x00019774   0x0000005c   Code   RO         4604    i.SEGGER_RTT_WriteNoLock  segger_rtt.o
    0x000197d0   0x000197d0   0x00000004   Code   RO         4841    i.SWI2_IRQHandler   nrf_sdh.o
    0x000197d4   0x000197d4   0x00000300   Code   RO         5059    i.SystemInit        system_nrf52810.o
    0x00019ad4   0x00019ad4   0x0000000c   Code   RO         2213    i.UARTE0_UART0_IRQHandler  nrfx_prs.o
    0x00019ae0   0x00019ae0   0x00000068   Code   RO         4608    i._DoInit           segger_rtt.o
    0x00019b48   0x00019b48   0x00000016   Code   RO         4609    i._GetAvailWriteSpace  segger_rtt.o
    0x00019b5e   0x00019b5e   0x0000005a   Code   RO         4611    i._WriteBlocking    segger_rtt.o
    0x00019bb8   0x00019bb8   0x00000042   Code   RO         4612    i._WriteNoCheck     segger_rtt.o
    0x00019bfa   0x00019bfa   0x00000002   PAD
    0x00019bfc   0x00019bfc   0x00000010   Code   RO         5154    i.__0printf$bare    mc_w.l(printfb.o)
    0x00019c0c   0x00019c0c   0x0000000e   Code   RO         5452    i.__scatterload_copy  mc_w.l(handlers.o)
    0x00019c1a   0x00019c1a   0x00000002   Code   RO         5453    i.__scatterload_null  mc_w.l(handlers.o)
    0x00019c1c   0x00019c1c   0x0000000e   Code   RO         5454    i.__scatterload_zeroinit  mc_w.l(handlers.o)
    0x00019c2a   0x00019c2a   0x00000002   PAD
    0x00019c2c   0x00019c2c   0x00000024   Code   RO         4842    i.__sd_nvic_app_accessible_irq  nrf_sdh.o
    0x00019c50   0x00019c50   0x00000022   Code   RO         5161    i._printf_core      mc_w.l(printfb.o)
    0x00019c72   0x00019c72   0x00000008   Code   RO          870    i.adv_set_data_size_max_get  ble_advertising.o
    0x00019c7a   0x00019c7a   0x00000036   Code   RO          660    i.advertising_buttons_configure  bsp_btn_ble.o
    0x00019cb0   0x00019cb0   0x00000006   Code   RO          543    i.alert_timer_handler  bsp.o
    0x00019cb6   0x00019cb6   0x00000002   PAD
    0x00019cb8   0x00019cb8   0x00000024   Code   RO         2616    i.app_button_enable  app_button.o
    0x00019cdc   0x00019cdc   0x00000080   Code   RO         2617    i.app_button_init   app_button.o
    0x00019d5c   0x00019d5c   0x00000084   Code   RO         2774    i.app_error_fault_handler  app_error_weak.o
    0x00019de0   0x00019de0   0x00000016   Code   RO         2714    i.app_error_handler_bare  app_error.o
    0x00019df6   0x00019df6   0x00000016   Code   RO         2818    i.app_fifo_get      app_fifo.o
    0x00019e0c   0x00019e0c   0x00000020   Code   RO         2819    i.app_fifo_init     app_fifo.o
    0x00019e2c   0x00019e2c   0x0000001a   Code   RO         2821    i.app_fifo_put      app_fifo.o
    0x00019e46   0x00019e46   0x00000002   PAD
    0x00019e48   0x00019e48   0x0000000c   Code   RO         2942    i.app_timer_cnt_get  app_timer2.o
    0x00019e54   0x00019e54   0x00000016   Code   RO         2943    i.app_timer_create  app_timer2.o
    0x00019e6a   0x00019e6a   0x00000002   PAD
    0x00019e6c   0x00019e6c   0x0000005c   Code   RO         2944    i.app_timer_init    app_timer2.o
    0x00019ec8   0x00019ec8   0x00000030   Code   RO         2947    i.app_timer_start   app_timer2.o
    0x00019ef8   0x00019ef8   0x0000000c   Code   RO         2948    i.app_timer_stop    app_timer2.o
    0x00019f04   0x00019f04   0x00000034   Code   RO         3085    i.app_uart_get      app_uart_fifo.o
    0x00019f38   0x00019f38   0x000000a4   Code   RO         3086    i.app_uart_init     app_uart_fifo.o
    0x00019fdc   0x00019fdc   0x00000054   Code   RO         3087    i.app_uart_put      app_uart_fifo.o
    0x0001a030   0x0001a030   0x00000048   Code   RO         3166    i.app_util_critical_region_enter  app_util_platform.o
    0x0001a078   0x0001a078   0x00000034   Code   RO         3167    i.app_util_critical_region_exit  app_util_platform.o
    0x0001a0ac   0x0001a0ac   0x00000088   Code   RO         2267    i.apply_config      nrfx_uart.o
    0x0001a134   0x0001a134   0x00000088   Code   RO         2455    i.apply_config      nrfx_uarte.o
    0x0001a1bc   0x0001a1bc   0x00000048   Code   RO         1209    i.blcm_link_ctx_get  ble_link_ctx_manager.o
    0x0001a204   0x0001a204   0x00000182   Code   RO          764    i.ble_advdata_encode  ble_advdata.o
    0x0001a386   0x0001a386   0x00000020   Code   RO          766    i.ble_advdata_parse  ble_advdata.o
    0x0001a3a6   0x0001a3a6   0x00000040   Code   RO          767    i.ble_advdata_search  ble_advdata.o
    0x0001a3e6   0x0001a3e6   0x00000006   Code   RO          872    i.ble_advertising_conn_cfg_tag_set  ble_advertising.o
    0x0001a3ec   0x0001a3ec   0x000000f8   Code   RO          873    i.ble_advertising_init  ble_advertising.o
    0x0001a4e4   0x0001a4e4   0x0000006a   Code   RO          875    i.ble_advertising_on_ble_evt  ble_advertising.o
    0x0001a54e   0x0001a54e   0x0000003a   Code   RO          877    i.ble_advertising_restart_without_whitelist  ble_advertising.o
    0x0001a588   0x0001a588   0x00000202   Code   RO          878    i.ble_advertising_start  ble_advertising.o
    0x0001a78a   0x0001a78a   0x00000002   PAD
    0x0001a78c   0x0001a78c   0x00000068   Code   RO          966    i.ble_conn_params_init  ble_conn_params.o
    0x0001a7f4   0x0001a7f4   0x00000012   Code   RO         1041    i.ble_conn_state_conn_idx  ble_conn_state.o
    0x0001a806   0x0001a806   0x00000002   PAD
    0x0001a808   0x0001a808   0x00000014   Code   RO         1055    i.ble_conn_state_valid  ble_conn_state.o
    0x0001a81c   0x0001a81c   0x00000060   Code   RO          770    i.ble_device_addr_encode  ble_advdata.o
    0x0001a87c   0x0001a87c   0x000000dc   Code   RO            5    i.ble_evt_handler   main.o
    0x0001a958   0x0001a958   0x00000070   Code   RO          661    i.ble_evt_handler   bsp_btn_ble.o
    0x0001a9c8   0x0001a9c8   0x000000fc   Code   RO          968    i.ble_evt_handler   ble_conn_params.o
    0x0001aac4   0x0001aac4   0x00000118   Code   RO         1056    i.ble_evt_handler   ble_conn_state.o
    0x0001abdc   0x0001abdc   0x00000066   Code   RO         1411    i.ble_nus_data_send  ble_nus.o
    0x0001ac42   0x0001ac42   0x00000002   PAD
    0x0001ac44   0x0001ac44   0x000000d4   Code   RO         1412    i.ble_nus_init      ble_nus.o
    0x0001ad18   0x0001ad18   0x00000072   Code   RO         1413    i.ble_nus_on_ble_evt  ble_nus.o
    0x0001ad8a   0x0001ad8a   0x00000008   Code   RO         1235    i.ble_srv_is_notification_enabled  ble_srv_common.o
    0x0001ad92   0x0001ad92   0x00000002   PAD
    0x0001ad94   0x0001ad94   0x0000000c   Code   RO          407    i.bsp_board_button_idx_to_pin  boards.o
    0x0001ada0   0x0001ada0   0x00000020   Code   RO          408    i.bsp_board_button_state_get  boards.o
    0x0001adc0   0x0001adc0   0x00000054   Code   RO          409    i.bsp_board_init    boards.o
    0x0001ae14   0x0001ae14   0x00000024   Code   RO          411    i.bsp_board_led_invert  boards.o
    0x0001ae38   0x0001ae38   0x00000010   Code   RO          412    i.bsp_board_led_off  boards.o
    0x0001ae48   0x0001ae48   0x00000010   Code   RO          413    i.bsp_board_led_on  boards.o
    0x0001ae58   0x0001ae58   0x00000020   Code   RO          414    i.bsp_board_led_state_get  boards.o
    0x0001ae78   0x0001ae78   0x00000012   Code   RO          415    i.bsp_board_leds_off  boards.o
    0x0001ae8a   0x0001ae8a   0x00000012   Code   RO          416    i.bsp_board_leds_on  boards.o
    0x0001ae9c   0x0001ae9c   0x00000024   Code   RO          417    i.bsp_board_pin_to_button_idx  boards.o
    0x0001aec0   0x0001aec0   0x00000038   Code   RO          662    i.bsp_btn_ble_init  bsp_btn_ble.o
    0x0001aef8   0x0001aef8   0x0000001e   Code   RO          663    i.bsp_btn_ble_sleep_mode_prepare  bsp_btn_ble.o
    0x0001af16   0x0001af16   0x00000002   PAD
    0x0001af18   0x0001af18   0x00000090   Code   RO          544    i.bsp_button_event_handler  bsp.o
    0x0001afa8   0x0001afa8   0x0000000c   Code   RO          545    i.bsp_button_is_pressed  bsp.o
    0x0001afb4   0x0001afb4   0x0000004c   Code   RO            6    i.bsp_event_handler  main.o
    0x0001b000   0x0001b000   0x00000044   Code   RO          548    i.bsp_event_to_button_action_assign  bsp.o
    0x0001b044   0x0001b044   0x00000018   Code   RO          549    i.bsp_indication_set  bsp.o
    0x0001b05c   0x0001b05c   0x00000094   Code   RO          550    i.bsp_init          bsp.o
    0x0001b0f0   0x0001b0f0   0x000001c8   Code   RO          551    i.bsp_led_indication  bsp.o
    0x0001b2b8   0x0001b2b8   0x00000006   Code   RO          553    i.bsp_wakeup_button_enable  bsp.o
    0x0001b2be   0x0001b2be   0x00000002   PAD
    0x0001b2c0   0x0001b2c0   0x00000090   Code   RO         4345    i.buf_prealloc      nrf_log_frontend.o
    0x0001b350   0x0001b350   0x0000002e   Code   RO         3793    i.buffer_add        nrf_fprintf_format.o
    0x0001b37e   0x0001b37e   0x00000002   PAD
    0x0001b380   0x0001b380   0x00000014   Code   RO         4346    i.buffer_is_empty   nrf_log_frontend.o
    0x0001b394   0x0001b394   0x00000028   Code   RO         2619    i.button_get        app_button.o
    0x0001b3bc   0x0001b3bc   0x00000008   Code   RO          554    i.button_timer_handler  bsp.o
    0x0001b3c4   0x0001b3c4   0x0000001c   Code   RO         1945    i.channel_free      nrfx_gpiote.o
    0x0001b3e0   0x0001b3e0   0x00000048   Code   RO         1946    i.channel_port_alloc  nrfx_gpiote.o
    0x0001b428   0x0001b428   0x00000010   Code   RO         1947    i.channel_port_get  nrfx_gpiote.o
    0x0001b438   0x0001b438   0x00000190   Code   RO         1237    i.characteristic_add  ble_srv_common.o
    0x0001b5c8   0x0001b5c8   0x00000028   Code   RO         1469    i.clock_clk_started_notify  nrf_drv_clock.o
    0x0001b5f0   0x0001b5f0   0x0000001c   Code   RO         1470    i.clock_irq_handler  nrf_drv_clock.o
    0x0001b60c   0x0001b60c   0x00000018   Code   RO         2950    i.compare_func      app_timer2.o
    0x0001b624   0x0001b624   0x0000003e   Code   RO         1057    i.conn_handle_list_get  ble_conn_state.o
    0x0001b662   0x0001b662   0x00000088   Code   RO          771    i.conn_int_encode   ble_advdata.o
    0x0001b6ea   0x0001b6ea   0x00000004   Code   RO            7    i.conn_params_error_handler  main.o
    0x0001b6ee   0x0001b6ee   0x00000002   PAD
    0x0001b6f0   0x0001b6f0   0x00000048   Code   RO          969    i.conn_params_negotiation  ble_conn_params.o
    0x0001b738   0x0001b738   0x00000048   Code   RO         2620    i.detection_delay_timeout_handler  app_button.o
    0x0001b780   0x0001b780   0x00000014   Code   RO         4347    i.dropped_sat16_get  nrf_log_frontend.o
    0x0001b794   0x0001b794   0x00000014   Code   RO         3235    i.drv_rtc_compare_disable  drv_rtc.o
    0x0001b7a8   0x0001b7a8   0x0000000e   Code   RO         3237    i.drv_rtc_compare_pending  drv_rtc.o
    0x0001b7b6   0x0001b7b6   0x00000050   Code   RO         3238    i.drv_rtc_compare_set  drv_rtc.o
    0x0001b806   0x0001b806   0x00000008   Code   RO         3239    i.drv_rtc_counter_get  drv_rtc.o
    0x0001b80e   0x0001b80e   0x00000002   PAD
    0x0001b810   0x0001b810   0x000000d4   Code   RO         3240    i.drv_rtc_init      drv_rtc.o
    0x0001b8e4   0x0001b8e4   0x0000001a   Code   RO         3241    i.drv_rtc_irq_trigger  drv_rtc.o
    0x0001b8fe   0x0001b8fe   0x00000008   Code   RO         3243    i.drv_rtc_overflow_enable  drv_rtc.o
    0x0001b906   0x0001b906   0x00000008   Code   RO         3244    i.drv_rtc_overflow_pending  drv_rtc.o
    0x0001b90e   0x0001b90e   0x00000008   Code   RO         3245    i.drv_rtc_start     drv_rtc.o
    0x0001b916   0x0001b916   0x00000008   Code   RO         3246    i.drv_rtc_stop      drv_rtc.o
    0x0001b91e   0x0001b91e   0x000000de   Code   RO         3251    i.drv_rtc_windowed_compare_set  drv_rtc.o
    0x0001b9fc   0x0001b9fc   0x0000004c   Code   RO         5060    i.errata_136        system_nrf52810.o
    0x0001ba48   0x0001ba48   0x0000004c   Code   RO         5061    i.errata_31         system_nrf52810.o
    0x0001ba94   0x0001ba94   0x0000004c   Code   RO         5062    i.errata_36         system_nrf52810.o
    0x0001bae0   0x0001bae0   0x00000012   Code   RO         3252    i.evt_enable        drv_rtc.o
    0x0001baf2   0x0001baf2   0x00000002   PAD
    0x0001baf4   0x0001baf4   0x000000e0   Code   RO         2621    i.evt_handle        app_button.o
    0x0001bbd4   0x0001bbd4   0x00000014   Code   RO         3253    i.evt_pending       drv_rtc.o
    0x0001bbe8   0x0001bbe8   0x00000014   Code   RO         2824    i.fifo_get          app_fifo.o
    0x0001bbfc   0x0001bbfc   0x00000012   Code   RO         2825    i.fifo_put          app_fifo.o
    0x0001bc0e   0x0001bc0e   0x0000000a   Code   RO         1058    i.flag_toggle       ble_conn_state.o
    0x0001bc18   0x0001bc18   0x00000028   Code   RO          880    i.flags_set         ble_advertising.o
    0x0001bc40   0x0001bc40   0x0000000e   Code   RO         4169    i.fputc             retarget.o
    0x0001bc4e   0x0001bc4e   0x00000002   PAD
    0x0001bc50   0x0001bc50   0x0000005c   Code   RO            8    i.gatt_evt_handler  main.o
    0x0001bcac   0x0001bcac   0x00000030   Code   RO            9    i.gatt_init         main.o
    0x0001bcdc   0x0001bcdc   0x00000034   Code   RO         2951    i.get_now           app_timer2.o
    0x0001bd10   0x0001bd10   0x0000003c   Code   RO         2622    i.gpiote_event_handler  app_button.o
    0x0001bd4c   0x0001bd4c   0x00000014   Code   RO          970    i.instance_get      ble_conn_params.o
    0x0001bd60   0x0001bd60   0x000000a6   Code   RO         3794    i.int_print         nrf_fprintf_format.o
    0x0001be06   0x0001be06   0x00000002   PAD
    0x0001be08   0x0001be08   0x00000084   Code   RO         2456    i.interrupts_enable  nrfx_uarte.o
    0x0001be8c   0x0001be8c   0x00000034   Code   RO         4348    i.invalid_packets_omit  nrf_log_frontend.o
    0x0001bec0   0x0001bec0   0x00000044   Code   RO          971    i.is_conn_params_ok  ble_conn_params.o
    0x0001bf04   0x0001bf04   0x00000030   Code   RO          555    i.leds_off          bsp.o
    0x0001bf34   0x0001bf34   0x00000014   Code   RO          556    i.leds_timer_handler  bsp.o
    0x0001bf48   0x0001bf48   0x00000010   Code   RO         1295    i.link_init         nrf_ble_gatt.o
    0x0001bf58   0x0001bf58   0x0000009c   Code   RO         4349    i.log_skip          nrf_log_frontend.o
    0x0001bff4   0x0001bff4   0x0000024c   Code   RO           10    i.main              main.o
    0x0001c240   0x0001c240   0x00000064   Code   RO          772    i.manuf_specific_data_encode  ble_advdata.o
    0x0001c2a4   0x0001c2a4   0x0000007e   Code   RO         3833    i.memobj_op         nrf_memobj.o
    0x0001c322   0x0001c322   0x00000002   PAD
    0x0001c324   0x0001c324   0x00000030   Code   RO         4350    i.module_idx_get    nrf_log_frontend.o
    0x0001c354   0x0001c354   0x000000a6   Code   RO          773    i.name_encode       ble_advdata.o
    0x0001c3fa   0x0001c3fa   0x00000026   Code   RO         3449    i.nrf_atfifo_init   nrf_atfifo.o
    0x0001c420   0x0001c420   0x00000016   Code   RO         3450    i.nrf_atfifo_item_alloc  nrf_atfifo.o
    0x0001c436   0x0001c436   0x00000016   Code   RO         3451    i.nrf_atfifo_item_free  nrf_atfifo.o
    0x0001c44c   0x0001c44c   0x00000016   Code   RO         3452    i.nrf_atfifo_item_get  nrf_atfifo.o
    0x0001c462   0x0001c462   0x00000016   Code   RO         3453    i.nrf_atfifo_item_put  nrf_atfifo.o
    0x0001c478   0x0001c478   0x00000016   Code   RO         3515    i.nrf_atflags_clear  nrf_atflags.o
    0x0001c48e   0x0001c48e   0x00000016   Code   RO         3520    i.nrf_atflags_get   nrf_atflags.o
    0x0001c4a4   0x0001c4a4   0x00000014   Code   RO         3522    i.nrf_atflags_set   nrf_atflags.o
    0x0001c4b8   0x0001c4b8   0x00000006   Code   RO         3583    i.nrf_atomic_flag_clear_fetch  nrf_atomic.o
    0x0001c4be   0x0001c4be   0x00000006   Code   RO         3584    i.nrf_atomic_flag_set  nrf_atomic.o
    0x0001c4c4   0x0001c4c4   0x0000000c   Code   RO         3586    i.nrf_atomic_u32_add  nrf_atomic.o
    0x0001c4d0   0x0001c4d0   0x0000000c   Code   RO         3587    i.nrf_atomic_u32_and  nrf_atomic.o
    0x0001c4dc   0x0001c4dc   0x0000000a   Code   RO         3590    i.nrf_atomic_u32_fetch_and  nrf_atomic.o
    0x0001c4e6   0x0001c4e6   0x0000000a   Code   RO         3592    i.nrf_atomic_u32_fetch_store  nrf_atomic.o
    0x0001c4f0   0x0001c4f0   0x0000000c   Code   RO         3596    i.nrf_atomic_u32_or  nrf_atomic.o
    0x0001c4fc   0x0001c4fc   0x0000000c   Code   RO         3598    i.nrf_atomic_u32_sub  nrf_atomic.o
    0x0001c508   0x0001c508   0x00000044   Code   RO         3717    i.nrf_balloc_alloc  nrf_balloc.o
    0x0001c54c   0x0001c54c   0x00000030   Code   RO         3718    i.nrf_balloc_free   nrf_balloc.o
    0x0001c57c   0x0001c57c   0x00000030   Code   RO         3719    i.nrf_balloc_init   nrf_balloc.o
    0x0001c5ac   0x0001c5ac   0x00000010   Code   RO         1948    i.nrf_bitmask_bit_is_set  nrfx_gpiote.o
    0x0001c5bc   0x0001c5bc   0x00000014   Code   RO         1949    i.nrf_bitmask_bit_set  nrfx_gpiote.o
    0x0001c5d0   0x0001c5d0   0x00000018   Code   RO         1297    i.nrf_ble_gatt_att_mtu_periph_set  nrf_ble_gatt.o
    0x0001c5e8   0x0001c5e8   0x00000022   Code   RO         1299    i.nrf_ble_gatt_init  nrf_ble_gatt.o
    0x0001c60a   0x0001c60a   0x00000002   PAD
    0x0001c60c   0x0001c60c   0x000000f4   Code   RO         1300    i.nrf_ble_gatt_on_ble_evt  nrf_ble_gatt.o
    0x0001c700   0x0001c700   0x00000016   Code   RO         1370    i.nrf_ble_qwr_conn_handle_assign  nrf_ble_qwr.o
    0x0001c716   0x0001c716   0x00000024   Code   RO         1371    i.nrf_ble_qwr_init  nrf_ble_qwr.o
    0x0001c73a   0x0001c73a   0x000000b6   Code   RO         1372    i.nrf_ble_qwr_on_ble_evt  nrf_ble_qwr.o
    0x0001c7f0   0x0001c7f0   0x0000000e   Code   RO         1807    i.nrf_clock_event_check  nrfx_clock.o
    0x0001c7fe   0x0001c7fe   0x00000010   Code   RO         1808    i.nrf_clock_event_clear  nrfx_clock.o
    0x0001c80e   0x0001c80e   0x00000002   PAD
    0x0001c810   0x0001c810   0x00000038   Code   RO         1477    i.nrf_drv_clock_init  nrf_drv_clock.o
    0x0001c848   0x0001c848   0x00000030   Code   RO         1481    i.nrf_drv_clock_lfclk_release  nrf_drv_clock.o
    0x0001c878   0x0001c878   0x00000068   Code   RO         1615    i.nrf_drv_uart_init  nrf_drv_uart.o
    0x0001c8e0   0x0001c8e0   0x00000020   Code   RO         3088    i.nrf_drv_uart_rx   app_uart_fifo.o
    0x0001c900   0x0001c900   0x00000020   Code   RO         3089    i.nrf_drv_uart_tx   app_uart_fifo.o
    0x0001c920   0x0001c920   0x0000001a   Code   RO         3754    i.nrf_fprintf       nrf_fprintf.o
    0x0001c93a   0x0001c93a   0x00000018   Code   RO         3755    i.nrf_fprintf_buffer_flush  nrf_fprintf.o
    0x0001c952   0x0001c952   0x000001da   Code   RO         3795    i.nrf_fprintf_fmt   nrf_fprintf_format.o
    0x0001cb2c   0x0001cb2c   0x00000024   Code   RO          419    i.nrf_gpio_cfg      boards.o
    0x0001cb50   0x0001cb50   0x00000024   Code   RO         1950    i.nrf_gpio_cfg      nrfx_gpiote.o
    0x0001cb74   0x0001cb74   0x00000024   Code   RO         2268    i.nrf_gpio_cfg      nrfx_uart.o
    0x0001cb98   0x0001cb98   0x00000024   Code   RO         2457    i.nrf_gpio_cfg      nrfx_uarte.o
    0x0001cbbc   0x0001cbbc   0x00000012   Code   RO         2270    i.nrf_gpio_cfg_input  nrfx_uart.o
    0x0001cbce   0x0001cbce   0x00000012   Code   RO         2459    i.nrf_gpio_cfg_input  nrfx_uarte.o
    0x0001cbe0   0x0001cbe0   0x00000014   Code   RO         2271    i.nrf_gpio_cfg_output  nrfx_uart.o
    0x0001cbf4   0x0001cbf4   0x00000014   Code   RO         2460    i.nrf_gpio_cfg_output  nrfx_uarte.o
    0x0001cc08   0x0001cc08   0x00000022   Code   RO         1952    i.nrf_gpio_cfg_sense_set  nrfx_gpiote.o
    0x0001cc2a   0x0001cc2a   0x00000016   Code   RO          420    i.nrf_gpio_pin_write  boards.o
    0x0001cc40   0x0001cc40   0x00000028   Code   RO         1953    i.nrf_gpio_ports_read  nrfx_gpiote.o
    0x0001cc68   0x0001cc68   0x00000014   Code   RO         1954    i.nrf_gpiote_event_clear  nrfx_gpiote.o
    0x0001cc7c   0x0001cc7c   0x00000010   Code   RO         1955    i.nrf_gpiote_event_is_set  nrfx_gpiote.o
    0x0001cc8c   0x0001cc8c   0x0000005c   Code   RO         4351    i.nrf_log_backend_add  nrf_log_frontend.o
    0x0001cce8   0x0001cce8   0x00000002   Code   RO         4206    i.nrf_log_backend_rtt_flush  nrf_log_backend_rtt.o
    0x0001ccea   0x0001ccea   0x00000004   Code   RO         4207    i.nrf_log_backend_rtt_init  nrf_log_backend_rtt.o
    0x0001ccee   0x0001ccee   0x00000002   Code   RO         4208    i.nrf_log_backend_rtt_panic_set  nrf_log_backend_rtt.o
    0x0001ccf0   0x0001ccf0   0x00000018   Code   RO         4209    i.nrf_log_backend_rtt_put  nrf_log_backend_rtt.o
    0x0001cd08   0x0001cd08   0x000000c2   Code   RO         4275    i.nrf_log_backend_serial_put  nrf_log_backend_serial.o
    0x0001cdca   0x0001cdca   0x00000002   PAD
    0x0001cdcc   0x0001cdcc   0x00000030   Code   RO         4353    i.nrf_log_color_id_get  nrf_log_frontend.o
    0x0001cdfc   0x0001cdfc   0x0000001c   Code   RO         4309    i.nrf_log_default_backends_init  nrf_log_default_backends.o
    0x0001ce18   0x0001ce18   0x00000230   Code   RO         4354    i.nrf_log_frontend_dequeue  nrf_log_frontend.o
    0x0001d048   0x0001d048   0x00000008   Code   RO         4356    i.nrf_log_frontend_std_0  nrf_log_frontend.o
    0x0001d050   0x0001d050   0x0000000e   Code   RO         4357    i.nrf_log_frontend_std_1  nrf_log_frontend.o
    0x0001d05e   0x0001d05e   0x00000010   Code   RO         4358    i.nrf_log_frontend_std_2  nrf_log_frontend.o
    0x0001d06e   0x0001d06e   0x00000002   PAD
    0x0001d070   0x0001d070   0x000000b0   Code   RO         4531    i.nrf_log_hexdump_entry_process  nrf_log_str_formatter.o
    0x0001d120   0x0001d120   0x0000003c   Code   RO         4363    i.nrf_log_init      nrf_log_frontend.o
    0x0001d15c   0x0001d15c   0x00000014   Code   RO         4364    i.nrf_log_module_cnt_get  nrf_log_frontend.o
    0x0001d170   0x0001d170   0x0000001c   Code   RO         4367    i.nrf_log_module_name_get  nrf_log_frontend.o
    0x0001d18c   0x0001d18c   0x0000002c   Code   RO         4368    i.nrf_log_panic     nrf_log_frontend.o
    0x0001d1b8   0x0001d1b8   0x000000b6   Code   RO         4532    i.nrf_log_std_entry_process  nrf_log_str_formatter.o
    0x0001d26e   0x0001d26e   0x00000060   Code   RO         3834    i.nrf_memobj_alloc  nrf_memobj.o
    0x0001d2ce   0x0001d2ce   0x00000032   Code   RO         3835    i.nrf_memobj_free   nrf_memobj.o
    0x0001d300   0x0001d300   0x00000008   Code   RO         3836    i.nrf_memobj_get    nrf_memobj.o
    0x0001d308   0x0001d308   0x00000004   Code   RO         3837    i.nrf_memobj_pool_init  nrf_memobj.o
    0x0001d30c   0x0001d30c   0x0000001e   Code   RO         3838    i.nrf_memobj_put    nrf_memobj.o
    0x0001d32a   0x0001d32a   0x00000010   Code   RO         3839    i.nrf_memobj_read   nrf_memobj.o
    0x0001d33a   0x0001d33a   0x00000010   Code   RO         3840    i.nrf_memobj_write  nrf_memobj.o
    0x0001d34a   0x0001d34a   0x00000002   PAD
    0x0001d34c   0x0001d34c   0x00000028   Code   RO         3912    i.nrf_pwr_mgmt_init  nrf_pwr_mgmt.o
    0x0001d374   0x0001d374   0x00000014   Code   RO         3913    i.nrf_pwr_mgmt_run  nrf_pwr_mgmt.o
    0x0001d388   0x0001d388   0x00000004   Code   RO           11    i.nrf_qwr_error_handler  main.o
    0x0001d38c   0x0001d38c   0x0000001c   Code   RO         3986    i.nrf_ringbuf_init  nrf_ringbuf.o
    0x0001d3a8   0x0001d3a8   0x0000000c   Code   RO         3254    i.nrf_rtc_event_clear  drv_rtc.o
    0x0001d3b4   0x0001d3b4   0x00000014   Code   RO         4962    i.nrf_sdh_ble_app_ram_start_get  nrf_sdh_ble.o
    0x0001d3c8   0x0001d3c8   0x00000128   Code   RO         4963    i.nrf_sdh_ble_default_cfg_set  nrf_sdh_ble.o
    0x0001d4f0   0x0001d4f0   0x00000130   Code   RO         4964    i.nrf_sdh_ble_enable  nrf_sdh_ble.o
    0x0001d620   0x0001d620   0x00000060   Code   RO         4965    i.nrf_sdh_ble_evts_poll  nrf_sdh_ble.o
    0x0001d680   0x0001d680   0x00000074   Code   RO         4844    i.nrf_sdh_enable_request  nrf_sdh.o
    0x0001d6f4   0x0001d6f4   0x00000024   Code   RO         4845    i.nrf_sdh_evts_poll  nrf_sdh.o
    0x0001d718   0x0001d718   0x0000000c   Code   RO         4846    i.nrf_sdh_is_enabled  nrf_sdh.o
    0x0001d724   0x0001d724   0x0000003c   Code   RO         5016    i.nrf_sdh_soc_evts_poll  nrf_sdh_soc.o
    0x0001d760   0x0001d760   0x0000000a   Code   RO         4044    i.nrf_section_iter_init  nrf_section_iter.o
    0x0001d76a   0x0001d76a   0x00000024   Code   RO         4045    i.nrf_section_iter_item_set  nrf_section_iter.o
    0x0001d78e   0x0001d78e   0x00000020   Code   RO         4046    i.nrf_section_iter_next  nrf_section_iter.o
    0x0001d7ae   0x0001d7ae   0x00000022   Code   RO         4079    i.nrf_sortlist_add  nrf_sortlist.o
    0x0001d7d0   0x0001d7d0   0x00000006   Code   RO         4081    i.nrf_sortlist_peek  nrf_sortlist.o
    0x0001d7d6   0x0001d7d6   0x0000000e   Code   RO         4082    i.nrf_sortlist_pop  nrf_sortlist.o
    0x0001d7e4   0x0001d7e4   0x0000001e   Code   RO         4083    i.nrf_sortlist_remove  nrf_sortlist.o
    0x0001d802   0x0001d802   0x00000002   PAD
    0x0001d804   0x0001d804   0x00000038   Code   RO         4135    i.nrf_strerror_find  nrf_strerror.o
    0x0001d83c   0x0001d83c   0x00000014   Code   RO         4136    i.nrf_strerror_get  nrf_strerror.o
    0x0001d850   0x0001d850   0x0000000a   Code   RO         2272    i.nrf_uart_event_check  nrfx_uart.o
    0x0001d85a   0x0001d85a   0x0000000c   Code   RO         2273    i.nrf_uart_event_clear  nrfx_uart.o
    0x0001d866   0x0001d866   0x0000000c   Code   RO         2274    i.nrf_uart_int_enable_check  nrfx_uart.o
    0x0001d872   0x0001d872   0x0000000a   Code   RO         2461    i.nrf_uarte_event_check  nrfx_uarte.o
    0x0001d87c   0x0001d87c   0x0000000c   Code   RO         2462    i.nrf_uarte_event_clear  nrfx_uarte.o
    0x0001d888   0x0001d888   0x0000002c   Code   RO         1813    i.nrfx_clock_enable  nrfx_clock.o
    0x0001d8b4   0x0001d8b4   0x00000020   Code   RO         1816    i.nrfx_clock_init   nrfx_clock.o
    0x0001d8d4   0x0001d8d4   0x0000001c   Code   RO         1819    i.nrfx_clock_lfclk_stop  nrfx_clock.o
    0x0001d8f0   0x0001d8f0   0x00000010   Code   RO         3255    i.nrfx_coredep_delay_us  drv_rtc.o
    0x0001d900   0x0001d900   0x000000a4   Code   RO         1960    i.nrfx_gpiote_in_event_enable  nrfx_gpiote.o
    0x0001d9a4   0x0001d9a4   0x000000d0   Code   RO         1961    i.nrfx_gpiote_in_init  nrfx_gpiote.o
    0x0001da74   0x0001da74   0x00000014   Code   RO         1962    i.nrfx_gpiote_in_is_set  nrfx_gpiote.o
    0x0001da88   0x0001da88   0x0000006c   Code   RO         1964    i.nrfx_gpiote_init  nrfx_gpiote.o
    0x0001daf4   0x0001daf4   0x00000014   Code   RO         1965    i.nrfx_gpiote_is_init  nrfx_gpiote.o
    0x0001db08   0x0001db08   0x00000010   Code   RO         2463    i.nrfx_is_in_ram    nrfx_uarte.o
    0x0001db18   0x0001db18   0x0000003a   Code   RO         2214    i.nrfx_prs_acquire  nrfx_prs.o
    0x0001db52   0x0001db52   0x00000002   PAD
    0x0001db54   0x0001db54   0x00000010   Code   RO         2275    i.nrfx_uart_0_irq_handler  nrfx_uart.o
    0x0001db64   0x0001db64   0x000000d0   Code   RO         2277    i.nrfx_uart_init    nrfx_uart.o
    0x0001dc34   0x0001dc34   0x000000ec   Code   RO         2278    i.nrfx_uart_rx      nrfx_uart.o
    0x0001dd20   0x0001dd20   0x000000a8   Code   RO         2283    i.nrfx_uart_tx      nrfx_uart.o
    0x0001ddc8   0x0001ddc8   0x00000020   Code   RO         2285    i.nrfx_uart_tx_in_progress  nrfx_uart.o
    0x0001dde8   0x0001dde8   0x00000010   Code   RO         2464    i.nrfx_uarte_0_irq_handler  nrfx_uarte.o
    0x0001ddf8   0x0001ddf8   0x0000006c   Code   RO         2466    i.nrfx_uarte_init   nrfx_uarte.o
    0x0001de64   0x0001de64   0x00000104   Code   RO         2467    i.nrfx_uarte_rx     nrfx_uarte.o
    0x0001df68   0x0001df68   0x000000ac   Code   RO         2470    i.nrfx_uarte_tx     nrfx_uarte.o
    0x0001e014   0x0001e014   0x0000001c   Code   RO         2472    i.nrfx_uarte_tx_in_progress  nrfx_uarte.o
    0x0001e030   0x0001e030   0x00000098   Code   RO           12    i.nus_data_handler  main.o
    0x0001e0c8   0x0001e0c8   0x00000024   Code   RO           13    i.on_adv_evt        main.o
    0x0001e0ec   0x0001e0ec   0x0000001c   Code   RO           14    i.on_conn_params_evt  main.o
    0x0001e108   0x0001e108   0x0000006a   Code   RO         1414    i.on_connect        ble_nus.o
    0x0001e172   0x0001e172   0x00000002   PAD
    0x0001e174   0x0001e174   0x0000008c   Code   RO         1301    i.on_connected_evt  nrf_ble_gatt.o
    0x0001e200   0x0001e200   0x000000b0   Code   RO         1302    i.on_exchange_mtu_request_evt  nrf_ble_gatt.o
    0x0001e2b0   0x0001e2b0   0x00000084   Code   RO         1415    i.on_write          ble_nus.o
    0x0001e334   0x0001e334   0x00000012   Code   RO          881    i.phy_is_valid      ble_advertising.o
    0x0001e346   0x0001e346   0x00000002   PAD
    0x0001e348   0x0001e348   0x00000018   Code   RO         1981    i.pin_in_use_by_port  nrfx_gpiote.o
    0x0001e360   0x0001e360   0x00000018   Code   RO         1982    i.pin_in_use_by_te  nrfx_gpiote.o
    0x0001e378   0x0001e378   0x0000003c   Code   RO         4534    i.postfix_process   nrf_log_str_formatter.o
    0x0001e3b4   0x0001e3b4   0x00000098   Code   RO         4535    i.prefix_process    nrf_log_str_formatter.o
    0x0001e44c   0x0001e44c   0x00000018   Code   RO         2216    i.prs_box_get       nrfx_prs.o
    0x0001e464   0x0001e464   0x0000005c   Code   RO         2952    i.rtc_irq           app_timer2.o
    0x0001e4c0   0x0001e4c0   0x00000064   Code   RO         2953    i.rtc_schedule      app_timer2.o
    0x0001e524   0x0001e524   0x00000074   Code   RO         2954    i.rtc_update        app_timer2.o
    0x0001e598   0x0001e598   0x00000032   Code   RO         2287    i.rx_byte           nrfx_uart.o
    0x0001e5ca   0x0001e5ca   0x00000016   Code   RO         2288    i.rx_done_event     nrfx_uart.o
    0x0001e5e0   0x0001e5e0   0x00000016   Code   RO         2474    i.rx_done_event     nrfx_uarte.o
    0x0001e5f6   0x0001e5f6   0x00000020   Code   RO         2289    i.rx_enable         nrfx_uart.o
    0x0001e616   0x0001e616   0x00000002   PAD
    0x0001e618   0x0001e618   0x00000050   Code   RO         1484    i.sd_state_evt_handler  nrf_drv_clock.o
    0x0001e668   0x0001e668   0x00000030   Code   RO         4851    i.sdh_request_observer_notify  nrf_sdh.o
    0x0001e698   0x0001e698   0x0000002c   Code   RO         4852    i.sdh_state_observer_notify  nrf_sdh.o
    0x0001e6c4   0x0001e6c4   0x00000010   Code   RO          972    i.send_error_evt    ble_conn_params.o
    0x0001e6d4   0x0001e6d4   0x00000050   Code   RO         4210    i.serial_tx         nrf_log_backend_rtt.o
    0x0001e724   0x0001e724   0x00000088   Code   RO          774    i.service_data_encode  ble_advdata.o
    0x0001e7ac   0x0001e7ac   0x00000030   Code   RO         1239    i.set_security_req  ble_srv_common.o
    0x0001e7dc   0x0001e7dc   0x00000028   Code   RO           15    i.sleep_mode_enter  main.o
    0x0001e804   0x0001e804   0x00000018   Code   RO         1485    i.soc_evt_handler   nrf_drv_clock.o
    0x0001e81c   0x0001e81c   0x00000058   Code   RO         4854    i.softdevices_evt_irq_enable  nrf_sdh.o
    0x0001e874   0x0001e874   0x0000000c   Code   RO         2955    i.sortlist_pop      app_timer2.o
    0x0001e880   0x0001e880   0x00000030   Code   RO         2623    i.state_set         app_button.o
    0x0001e8b0   0x0001e8b0   0x0000008c   Code   RO         4370    i.std_n             nrf_log_frontend.o
    0x0001e93c   0x0001e93c   0x00000058   Code   RO         2956    i.timer_expire      app_timer2.o
    0x0001e994   0x0001e994   0x00000078   Code   RO         2957    i.timer_req_process  app_timer2.o
    0x0001ea0c   0x0001ea0c   0x00000038   Code   RO         2958    i.timer_req_schedule  app_timer2.o
    0x0001ea44   0x0001ea44   0x00000018   Code   RO         2624    i.timer_start       app_button.o
    0x0001ea5c   0x0001ea5c   0x00000020   Code   RO         2290    i.tx_byte           nrfx_uart.o
    0x0001ea7c   0x0001ea7c   0x0000001a   Code   RO         2291    i.tx_done_event     nrfx_uart.o
    0x0001ea96   0x0001ea96   0x0000001a   Code   RO         2475    i.tx_done_event     nrfx_uarte.o
    0x0001eab0   0x0001eab0   0x00000078   Code   RO           16    i.uart_event_handle  main.o
    0x0001eb28   0x0001eb28   0x000000a4   Code   RO         3090    i.uart_event_handler  app_uart_fifo.o
    0x0001ebcc   0x0001ebcc   0x00000030   Code   RO         1616    i.uart_evt_handler  nrf_drv_uart.o
    0x0001ebfc   0x0001ebfc   0x0000012a   Code   RO         2292    i.uart_irq_handler  nrfx_uart.o
    0x0001ed26   0x0001ed26   0x00000002   PAD
    0x0001ed28   0x0001ed28   0x00000030   Code   RO         1617    i.uarte_evt_handler  nrf_drv_uart.o
    0x0001ed58   0x0001ed58   0x00000112   Code   RO         2476    i.uarte_irq_handler  nrfx_uarte.o
    0x0001ee6a   0x0001ee6a   0x0000000a   Code   RO          775    i.uint16_encode     ble_advdata.o
    0x0001ee74   0x0001ee74   0x000000b4   Code   RO         3796    i.unsigned_print    nrf_fprintf_format.o
    0x0001ef28   0x0001ef28   0x00000068   Code   RO          973    i.update_timeout_handler  ble_conn_params.o
    0x0001ef90   0x0001ef90   0x00000018   Code   RO          882    i.use_whitelist     ble_advertising.o
    0x0001efa8   0x0001efa8   0x00000024   Code   RO         1373    i.user_mem_reply    nrf_ble_qwr.o
    0x0001efcc   0x0001efcc   0x00000020   Code   RO         2625    i.usr_event         app_button.o
    0x0001efec   0x0001efec   0x00000030   Code   RO          776    i.uuid_list_encode  ble_advdata.o
    0x0001f01c   0x0001f01c   0x0000009e   Code   RO          777    i.uuid_list_sized_encode  ble_advdata.o
    0x0001f0ba   0x0001f0ba   0x0000003a   Code   RO          557    i.wakeup_button_cfg  bsp.o
    0x0001f0f4   0x0001f0f4   0x00000018   Data   RO           18    .constdata          main.o
    0x0001f10c   0x0001f10c   0x00000008   Data   RO          421    .constdata          boards.o
    0x0001f114   0x0001f114   0x0000002c   Data   RO          562    .constdata          bsp.o
    0x0001f140   0x0001f140   0x0000000e   Data   RO         1303    .constdata          nrf_ble_gatt.o
    0x0001f14e   0x0001f14e   0x00000002   PAD
    0x0001f150   0x0001f150   0x00000010   Data   RO         1416    .constdata          ble_nus.o
    0x0001f160   0x0001f160   0x00000004   Data   RO         1984    .constdata          nrfx_gpiote.o
    0x0001f164   0x0001f164   0x00000004   Data   RO         2295    .constdata          nrfx_uart.o
    0x0001f168   0x0001f168   0x00000004   Data   RO         2479    .constdata          nrfx_uarte.o
    0x0001f16c   0x0001f16c   0x00000008   Data   RO         2628    .constdata          app_button.o
    0x0001f174   0x0001f174   0x00000014   Data   RO         2961    .constdata          app_timer2.o
    0x0001f188   0x0001f188   0x00000020   Data   RO         3092    .constdata          app_uart_fifo.o
    0x0001f1a8   0x0001f1a8   0x00000008   PAD
    0x0001f1b0   0x0001f1b0   0x00000006   Data   RO         3256    .constdata          drv_rtc.o
    0x0001f1b6   0x0001f1b6   0x00000010   Data   RO         3797    .constdata          nrf_fprintf_format.o
    0x0001f1c6   0x0001f1c6   0x00000002   PAD
    0x0001f1c8   0x0001f1c8   0x00000018   Data   RO         3917    .constdata          nrf_pwr_mgmt.o
    0x0001f1e0   0x0001f1e0   0x0000000c   Data   RO         3918    .constdata          nrf_pwr_mgmt.o
    0x0001f1ec   0x0001f1ec   0x0000013c   Data   RO         4137    .constdata          nrf_strerror.o
    0x0001f328   0x0001f328   0x0000000c   Data   RO         4212    .constdata          nrf_log_backend_rtt.o
    0x0001f334   0x0001f334   0x0000000c   PAD
    0x0001f340   0x0001f340   0x00000006   Data   RO         4213    .constdata          nrf_log_backend_rtt.o
    0x0001f346   0x0001f346   0x00000002   PAD
    0x0001f348   0x0001f348   0x0000000c   Data   RO         4375    .constdata          nrf_log_frontend.o
    0x0001f354   0x0001f354   0x00000010   Data   RO         4855    .constdata          nrf_sdh.o
    0x0001f364   0x0001f364   0x00000028   Data   RO         4856    .constdata          nrf_sdh.o
    0x0001f38c   0x0001f38c   0x00000010   Data   RO         4857    .constdata          nrf_sdh.o
    0x0001f39c   0x0001f39c   0x00000010   Data   RO         4858    .constdata          nrf_sdh.o
    0x0001f3ac   0x0001f3ac   0x00000020   Data   RO         4966    .constdata          nrf_sdh_ble.o
    0x0001f3cc   0x0001f3cc   0x00000010   Data   RO         4967    .constdata          nrf_sdh_ble.o
    0x0001f3dc   0x0001f3dc   0x00000010   Data   RO         5017    .constdata          nrf_sdh_soc.o
    0x0001f3ec   0x0001f3ec   0x0000000c   Data   RO         5018    .constdata          nrf_sdh_soc.o
    0x0001f3f8   0x0001f3f8   0x00000081   Data   RO         5114    .constdata          mc_w.l(ctype_o.o)
    0x0001f479   0x0001f479   0x00000003   PAD
    0x0001f47c   0x0001f47c   0x00000004   Data   RO         5115    .constdata          mc_w.l(ctype_o.o)
    0x0001f480   0x0001f480   0x000003eb   Data   RO         4138    .conststring        nrf_strerror.o
    0x0001f86b   0x0001f86b   0x00000001   PAD
    0x0001f86c   0x0001f86c   0x00000066   Data   RO         4536    .conststring        nrf_log_str_formatter.o
    0x0001f8d2   0x0001f8d2   0x00000002   PAD
    0x0001f8d4   0x0001f8d4   0x000001cf   Data   RO         4968    .conststring        nrf_sdh_ble.o
    0x0001faa3   0x0001faa3   0x00000001   PAD
    0x0001faa4   0x0001faa4   0x0000000d   Data   RO         1304    .conststrlit        nrf_ble_gatt.o
    0x0001fab1   0x0001fab1   0x00000003   PAD
    0x0001fab4   0x0001fab4   0x00000008   Data   RO         1417    .conststrlit        ble_nus.o
    0x0001fabc   0x0001fabc   0x00000006   Data   RO         1491    .conststrlit        nrf_drv_clock.o
    0x0001fac2   0x0001fac2   0x00000002   PAD
    0x0001fac4   0x0001fac4   0x00000006   Data   RO         1823    .conststrlit        nrfx_clock.o
    0x0001faca   0x0001faca   0x00000002   PAD
    0x0001facc   0x0001facc   0x00000007   Data   RO         1988    .conststrlit        nrfx_gpiote.o
    0x0001fad3   0x0001fad3   0x00000001   PAD
    0x0001fad4   0x0001fad4   0x00000004   Data   RO         2218    .conststrlit        nrfx_prs.o
    0x0001fad8   0x0001fad8   0x00000005   Data   RO         2298    .conststrlit        nrfx_uart.o
    0x0001fadd   0x0001fadd   0x00000003   PAD
    0x0001fae0   0x0001fae0   0x00000006   Data   RO         2482    .conststrlit        nrfx_uarte.o
    0x0001fae6   0x0001fae6   0x00000002   PAD
    0x0001fae8   0x0001fae8   0x0000000b   Data   RO         2629    .conststrlit        app_button.o
    0x0001faf3   0x0001faf3   0x00000001   PAD
    0x0001faf4   0x0001faf4   0x0000000a   Data   RO         2962    .conststrlit        app_timer2.o
    0x0001fafe   0x0001fafe   0x00000002   PAD
    0x0001fb00   0x0001fb00   0x00000009   Data   RO         3919    .conststrlit        nrf_pwr_mgmt.o
    0x0001fb09   0x0001fb09   0x00000003   PAD
    0x0001fb0c   0x0001fb0c   0x00000009   Data   RO         4084    .conststrlit        nrf_sortlist.o
    0x0001fb15   0x0001fb15   0x00000003   PAD
    0x0001fb18   0x0001fb18   0x00000010   Data   RO         4310    .conststrlit        nrf_log_default_backends.o
    0x0001fb28   0x0001fb28   0x00000004   Data   RO         4376    .conststrlit        nrf_log_frontend.o
    0x0001fb2c   0x0001fb2c   0x00000008   Data   RO         4859    .conststrlit        nrf_sdh.o
    0x0001fb34   0x0001fb34   0x0000000c   Data   RO         4969    .conststrlit        nrf_sdh_ble.o
    0x0001fb40   0x0001fb40   0x0000000c   Data   RO         5019    .conststrlit        nrf_sdh_soc.o
    0x0001fb4c   0x0001fb4c   0x00000020   Data   RO         5450    Region$$Table       anon$$obj.o
    0x0001fb6c   0x0001fb6c   0x00000010   Data   RO         4312    log_backends        nrf_log_default_backends.o
    0x0001fb7c   0x0001fb7c   0x00000008   Data   RO         1305    log_const_data      nrf_ble_gatt.o
    0x0001fb84   0x0001fb84   0x00000008   Data   RO         1418    log_const_data      ble_nus.o
    0x0001fb8c   0x0001fb8c   0x00000008   Data   RO         1492    log_const_data      nrf_drv_clock.o
    0x0001fb94   0x0001fb94   0x00000008   Data   RO         1825    log_const_data      nrfx_clock.o
    0x0001fb9c   0x0001fb9c   0x00000008   Data   RO         1989    log_const_data      nrfx_gpiote.o
    0x0001fba4   0x0001fba4   0x00000008   Data   RO         2220    log_const_data      nrfx_prs.o
    0x0001fbac   0x0001fbac   0x00000008   Data   RO         2299    log_const_data      nrfx_uart.o
    0x0001fbb4   0x0001fbb4   0x00000008   Data   RO         2483    log_const_data      nrfx_uarte.o
    0x0001fbbc   0x0001fbbc   0x00000008   Data   RO         2631    log_const_data      app_button.o
    0x0001fbc4   0x0001fbc4   0x00000008   Data   RO         2965    log_const_data      app_timer2.o
    0x0001fbcc   0x0001fbcc   0x00000008   Data   RO         3921    log_const_data      nrf_pwr_mgmt.o
    0x0001fbd4   0x0001fbd4   0x00000008   Data   RO         4085    log_const_data      nrf_sortlist.o
    0x0001fbdc   0x0001fbdc   0x00000008   Data   RO         4379    log_const_data      nrf_log_frontend.o
    0x0001fbe4   0x0001fbe4   0x00000008   Data   RO         4861    log_const_data      nrf_sdh.o
    0x0001fbec   0x0001fbec   0x00000008   Data   RO         4971    log_const_data      nrf_sdh_ble.o
    0x0001fbf4   0x0001fbf4   0x00000008   Data   RO         5020    log_const_data      nrf_sdh_soc.o
    0x0001fbfc   0x0001fbfc   0x00000014   Data   RO         4380    nrf_balloc          nrf_log_frontend.o
    0x0001fc10   0x0001fc10   0x00000008   Data   RO         1062    sdh_ble_observers0  ble_conn_state.o
    0x0001fc18   0x0001fc18   0x00000010   Data   RO           22    sdh_ble_observers1  main.o
    0x0001fc28   0x0001fc28   0x00000008   Data   RO          665    sdh_ble_observers1  bsp_btn_ble.o
    0x0001fc30   0x0001fc30   0x00000008   Data   RO          976    sdh_ble_observers1  ble_conn_params.o
    0x0001fc38   0x0001fc38   0x00000010   Data   RO           23    sdh_ble_observers2  main.o
    0x0001fc48   0x0001fc48   0x00000008   Data   RO           24    sdh_ble_observers3  main.o
    0x0001fc50   0x0001fc50   0x00000008   Data   RO         1493    sdh_soc_observers0  nrf_drv_clock.o
    0x0001fc58   0x0001fc58   0x00000008   Data   RO         4972    sdh_stack_observers0  nrf_sdh_ble.o
    0x0001fc60   0x0001fc60   0x00000008   Data   RO         5021    sdh_stack_observers0  nrf_sdh_soc.o
    0x0001fc68   0x0001fc68   0x00000008   Data   RO         1494    sdh_state_observers0  nrf_drv_clock.o


    Execution Region RW_IRAM1 (Exec base: 0x200022c8, Load base: 0x0001fc70, Size: 0x00001868, Max: 0x00003d38, ABSOLUTE, COMPRESSED[0x00000058])

    Exec Addr    Load Addr    Size         Type   Attr      Idx    E Section Name        Object

    0x200022c8   COMPRESSED   0x00000008   Data   RW           19    .data               main.o
    0x200022d0   COMPRESSED   0x00000028   Data   RW           20    .data               main.o
    0x200022f8   COMPRESSED   0x00000004   Data   RW           21    .data               main.o
    0x200022fc   COMPRESSED   0x00000010   Data   RW          563    .data               bsp.o
    0x2000230c   COMPRESSED   0x00000008   Data   RW          664    .data               bsp_btn_ble.o
    0x20002314   COMPRESSED   0x00000008   Data   RW          975    .data               ble_conn_params.o
    0x2000231c   COMPRESSED   0x0000000c   Data   RW         1618    .data               nrf_drv_uart.o
    0x20002328   COMPRESSED   0x00000008   Data   RW         1824    .data               nrfx_clock.o
    0x20002330   COMPRESSED   0x00000008   Data   RW         2219    .data               nrfx_prs.o
    0x20002338   COMPRESSED   0x00000018   Data   RW         2630    .data               app_button.o
    0x20002350   COMPRESSED   0x00000020   Data   RW         2963    .data               app_timer2.o
    0x20002370   COMPRESSED   0x00000004   Data   RW         2964    .data               app_timer2.o
    0x20002374   COMPRESSED   0x0000001c   Data   RW         3093    .data               app_uart_fifo.o
    0x20002390   COMPRESSED   0x0000000c   Data   RW         3257    .data               drv_rtc.o
    0x2000239c   COMPRESSED   0x00000008   Data   RW         3920    .data               nrf_pwr_mgmt.o
    0x200023a4   COMPRESSED   0x00000004   Data   RW         4170    .data               retarget.o
    0x200023a8   COMPRESSED   0x00000001   Data   RW         4214    .data               nrf_log_backend_rtt.o
    0x200023a9   COMPRESSED   0x00000003   PAD
    0x200023ac   COMPRESSED   0x00000008   Data   RW         4311    .data               nrf_log_default_backends.o
    0x200023b4   COMPRESSED   0x00000008   Data   RW         4377    .data               nrf_log_frontend.o
    0x200023bc   COMPRESSED   0x00000008   Data   RW         4378    .data               nrf_log_frontend.o
    0x200023c4   COMPRESSED   0x00000040   Data   RW         4537    .data               nrf_log_str_formatter.o
    0x20002404   COMPRESSED   0x00000003   Data   RW         4860    .data               nrf_sdh.o
    0x20002407   COMPRESSED   0x00000001   Data   RW         4970    .data               nrf_sdh_ble.o
    0x20002408   COMPRESSED   0x00000004   Data   RW         5063    .data               system_nrf52810.o
    0x2000240c        -       0x00000408   Zero   RW           17    .bss                main.o
    0x20002814   COMPRESSED   0x00000004   PAD
    0x20002818        -       0x00000020   Zero   RW          558    .bss                bsp.o
    0x20002838        -       0x00000020   Zero   RW          559    .bss                bsp.o
    0x20002858        -       0x0000000c   Zero   RW          560    .bss                bsp.o
    0x20002864   COMPRESSED   0x00000004   PAD
    0x20002868        -       0x00000020   Zero   RW          561    .bss                bsp.o
    0x20002888        -       0x00000050   Zero   RW          974    .bss                ble_conn_params.o
    0x200028d8        -       0x0000007c   Zero   RW         1061    .bss                ble_conn_state.o
    0x20002954        -       0x00000014   Zero   RW         1486    .bss                nrf_drv_clock.o
    0x20002968        -       0x0000005c   Zero   RW         1983    .bss                nrfx_gpiote.o
    0x200029c4        -       0x0000002c   Zero   RW         2293    .bss                nrfx_uart.o
    0x200029f0        -       0x00000024   Zero   RW         2477    .bss                nrfx_uarte.o
    0x20002a14   COMPRESSED   0x00000004   PAD
    0x20002a18        -       0x00000020   Zero   RW         2626    .bss                app_button.o
    0x20002a38        -       0x00000010   Zero   RW         2627    .bss                app_button.o
    0x20002a48        -       0x00000010   Zero   RW         2959    .bss                app_timer2.o
    0x20002a58        -       0x00000058   Zero   RW         2960    .bss                app_timer2.o
    0x20002ab0        -       0x00000020   Zero   RW         3091    .bss                app_uart_fifo.o
    0x20002ad0        -       0x0000000c   Zero   RW         3172    .bss                app_util_platform.o
    0x20002adc        -       0x0000000c   Zero   RW         3916    .bss                nrf_pwr_mgmt.o
    0x20002ae8        -       0x00000040   Zero   RW         4211    .bss                nrf_log_backend_rtt.o
    0x20002b28        -       0x000000c0   Zero   RW         4371    .bss                nrf_log_frontend.o
    0x20002be8        -       0x00000080   Zero   RW         4372    .bss                nrf_log_frontend.o
    0x20002c68        -       0x00000018   Zero   RW         4373    .bss                nrf_log_frontend.o
    0x20002c80        -       0x00000424   Zero   RW         4374    .bss                nrf_log_frontend.o
    0x200030a4        -       0x00000288   Zero   RW         4613    .bss                segger_rtt.o
    0x2000332c   COMPRESSED   0x00000004   PAD
    0x20003330        -       0x00000800   Zero   RW         5048    STACK               arm_startup_nrf52810.o


==============================================================================

Image component sizes


      Code (inc. data)   RO Data    RW Data    ZI Data      Debug   Object Name

       664         66         27         24         48      16878   app_button.o
        22          0          0          0          0       2341   app_error.o
       132         46          0          0          0      28097   app_error_weak.o
       118          0          0          0          0       4534   app_fifo.o
       846         88         38         36        104      15365   app_timer2.o
       528         60         32         28         32      20506   app_uart_fifo.o
       124         14          0          0         12       9370   app_util_platform.o
        84         22        512          0       2048        868   arm_startup_nrf52810.o
      1332          0          0          0          0      52352   ble_advdata.o
      1022          6          0          0          0      10131   ble_advertising.o
       636         44          8          8         80       8607   ble_conn_params.o
       390         10          8          0        124       7191   ble_conn_state.o
        72          0          0          0          0       1532   ble_link_ctx_manager.o
       666          6         32          0          0       6476   ble_nus.o
       456          6          0          0          0       3091   ble_srv_common.o
       358         40          8          0          0      41727   boards.o
       998         84         44         16        108      14499   bsp.o
       252         10          8          8          0       4416   bsp_btn_ble.o
       696         76          6         12          0      42609   drv_rtc.o
      1408        304         64         52       1032     169545   main.o
       326          0          0          0          0       5423   nrf_atfifo.o
        64          0          0          0          0       2684   nrf_atflags.o
       306          0          0          0          0       7263   nrf_atomic.o
       164          0          0          0          0       3352   nrf_balloc.o
       634        186         35          0          0       7857   nrf_ble_gatt.o
       276          0          0          0          0       4341   nrf_ble_qwr.o
       276         34         30          0         20      34644   nrf_drv_clock.o
       200         26          0         12          0      17348   nrf_drv_uart.o
        50          0          0          0          0       3301   nrf_fprintf.o
       866          4         16          0          0       6198   nrf_fprintf_format.o
       112         18         18          1         64       5589   nrf_log_backend_rtt.o
       194          0          0          0          0      10673   nrf_log_backend_serial.o
        28          4         32          8          0       3193   nrf_log_default_backends.o
      1470        114         44         16       1404      28222   nrf_log_frontend.o
       570        108        102         64          0       5268   nrf_log_str_formatter.o
       346          0          0          0          0       8891   nrf_memobj.o
        60         12         53          8         12       4703   nrf_pwr_mgmt.o
        28          0          0          0          0       2219   nrf_ringbuf.o
       384         46        104          3          0      36054   nrf_sdh.o
       716        232        539          1          0       5525   nrf_sdh_ble.o
        60          4         56          0          0       2324   nrf_sdh_soc.o
        78          0          0          0          0       2500   nrf_section_iter.o
        84          0         17          0          0       3721   nrf_sortlist.o
        76         10       1319          0          0       2515   nrf_strerror.o
       222         30         14          8          0      40258   nrfx_clock.o
      1222         92         19          0         92      55479   nrfx_gpiote.o
        94         16         12          8          0       3457   nrfx_prs.o
      1364         38         17          0         44      28649   nrfx_uart.o
      1286         36         18          0         36      23663   nrfx_uarte.o
        14          0          0          4          0       2730   retarget.o
       378         34          0          0        648       8413   segger_rtt.o
       996         92          0          4          0       4447   system_nrf52810.o

    ----------------------------------------------------------------------
     23806       2018       3316        324       5924     841039   Object Totals
         0          0         32          0          0          0   (incl. Generated)
        58          0         52          3         16          0   (incl. Padding)

    ----------------------------------------------------------------------

      Code (inc. data)   RO Data    RW Data    ZI Data      Debug   Library Member Name

        86          0          0          0          0          0   __dczerorl2.o
         8          4        133          0          0         68   ctype_o.o
         0          0          0          0          0          0   entry.o
         0          0          0          0          0          0   entry10a.o
         0          0          0          0          0          0   entry11a.o
         4          0          0          0          0          0   entry12b.o
         8          4          0          0          0          0   entry2.o
         4          0          0          0          0          0   entry5.o
         0          0          0          0          0          0   entry7b.o
         0          0          0          0          0          0   entry8b.o
         8          4          0          0          0          0   entry9a.o
        30          0          0          0          0          0   handlers.o
        36          8          0          0          0         68   init.o
        30          0          0          0          0         68   llshl.o
        32          0          0          0          0         68   llushr.o
        36          0          0          0          0         68   memcpya.o
        36          0          0          0          0        108   memseta.o
        50          8          0          0          0        152   printfb.o
        18          0          0          0          0         68   strcpy.o
        14          0          0          0          0         68   strlen.o
        98          0          0          0          0         92   uldiv.o

    ----------------------------------------------------------------------
       502         28        136          0          0        828   Library Totals
         4          0          3          0          0          0   (incl. Padding)

    ----------------------------------------------------------------------

      Code (inc. data)   RO Data    RW Data    ZI Data      Debug   Library Name

       498         28        133          0          0        828   mc_w.l

    ----------------------------------------------------------------------
       502         28        136          0          0        828   Library Totals

    ----------------------------------------------------------------------

==============================================================================


      Code (inc. data)   RO Data    RW Data    ZI Data      Debug   

     24308       2046       3452        324       5924     825511   Grand Totals
     24308       2046       3452         88       5924     825511   ELF Image Totals (compressed)
     24308       2046       3452         88          0          0   ROM Totals

==============================================================================

    Total RO  Size (Code + RO Data)                27760 (  27.11kB)
    Total RW  Size (RW Data + ZI Data)              6248 (   6.10kB)
    Total ROM Size (Code + RO Data + RW Data)      27848 (  27.20kB)

==============================================================================

