<html>
<body>
<pre>
<h1>µVision Build Log</h1>
<h2>Tool Versions:</h2>
IDE-Version: ¦ÌVision V5.35.0.0
Copyright (C) 2021 ARM Ltd and ARM Germany GmbH. All rights reserved.
License Information: 1 11, 1, LIC=NQQMA-1P2BZ-UHB8H-WU5YF-DGA97-397RU
 
Tool Versions:
Toolchain:       MDK-ARM Plus  Version: 5.35.0.2
Toolchain Path:  C:\Keil_v5\ARM\ARMCC\Bin
C Compiler:      Armcc.exe V5.06 update 7 (build 960)
Assembler:       Armasm.exe V5.06 update 7 (build 960)
Linker/Locator:  ArmLink.exe V5.06 update 7 (build 960)
Library Manager: ArmAr.exe V5.06 update 7 (build 960)
Hex Converter:   FromElf.exe V5.06 update 7 (build 960)
CPU DLL:         
Dialog DLL:      
Target DLL:      Segger\JL2CM3.dll V2.99.40.0
Dialog DLL:      TCM.DLL V1.53.0.0
 
<h2>Project:</h2>
E:\Nordic_52832\examples\ble_peripheral\ble_app_uart\pca10040e\s112\arm5_no_packs\ble_app_uart_pca10040e_s112.uvprojx
Project File Date:  07/11/2021

<h2>Output:</h2>
*** Using Compiler 'V5.06 update 7 (build 960)', folder: 'C:\Keil_v5\ARM\ARMCC\Bin'
Build target 'nrf52810_xxaa'
compiling utf.c...
compiling ble_srv_common.c...
compiling ble_link_ctx_manager.c...
compiling nrf_ble_gatt.c...
compiling boards.c...
compiling ble_conn_params.c...
compiling ble_conn_state.c...
compiling ble_advertising.c...
compiling ble_advdata.c...
compiling bsp_btn_ble.c...
compiling bsp.c...
compiling main.c...
compiling nrf_ble_qwr.c...
compiling nrfx_atomic.c...
compiling ble_nus.c...
compiling nrf_drv_uart.c...
compiling nrfx_clock.c...
compiling nrfx_gpiote.c...
compiling nrf_drv_clock.c...
compiling nrfx_uarte.c...
compiling nrfx_uart.c...
compiling nrfx_prs.c...
compiling app_button.c...
compiling app_error.c...
compiling app_error_handler_keil.c...
compiling app_error_weak.c...
compiling app_fifo.c...
compiling app_scheduler.c...
compiling nrf_assert.c...
compiling app_timer2.c...
compiling hardfault_implementation.c...
compiling app_util_platform.c...
compiling nrf_atfifo.c...
compiling app_uart_fifo.c...
compiling drv_rtc.c...
compiling nrf_atomic.c...
compiling nrf_balloc.c...
compiling nrf_atflags.c...
compiling nrf_fprintf.c...
compiling nrf_memobj.c...
compiling nrf_ringbuf.c...
compiling nrf_pwr_mgmt.c...
compiling nrf_section_iter.c...
compiling nrf_fprintf_format.c...
compiling nrf_strerror.c...
compiling nrf_sortlist.c...
compiling SEGGER_RTT_Syscalls_KEIL.c...
compiling nrf_log_backend_serial.c...
compiling retarget.c...
compiling nrf_log_backend_rtt.c...
assembling arm_startup_nrf52810.s...
compiling nrf_log_default_backends.c...
compiling system_nrf52810.c...
compiling nrf_log_str_formatter.c...
compiling SEGGER_RTT_printf.c...
compiling nrf_sdh_soc.c...
compiling SEGGER_RTT.c...
compiling nrf_sdh.c...
compiling nrf_sdh_ble.c...
compiling nrf_log_frontend.c...
linking...
Program Size: Code=24308 RO-data=3452 RW-data=324 ZI-data=5924  
FromELF: creating hex file...
".\_build\nrf52810_xxaa.axf" - 0 Error(s), 0 Warning(s).

<h2>Software Packages used:</h2>

Package Vendor: ARM
                http://www.keil.com/pack/ARM.CMSIS.4.5.0.pack
                ARM.CMSIS.4.5.0
                CMSIS (Cortex Microcontroller Software Interface Standard)
   * Component: CORE Version: 4.3.0
   * Component: DSP Version: 1.4.6

Package Vendor: NordicSemiconductor
                http://developer.nordicsemi.com/nRF5_SDK/pieces/nRF_DeviceFamilyPack/NordicSemiconductor.nRF_DeviceFamilyPack.8.27.1.pack
                NordicSemiconductor.nRF_DeviceFamilyPack.8.27.1
                Nordic Semiconductor nRF ARM devices Device Family Pack with BSD license.
   * Component: Startup Version: 8.27.1
   * Component: StartupConfig Version: 8.27.1

<h2>Collection of Component include folders:</h2>
  .\RTE\Device\nRF52810_xxAA
  .\RTE\_nrf52810_xxaa
  C:\Users\15185\AppData\Local\Arm\Packs\ARM\CMSIS\4.5.0\CMSIS\Include
  C:\Users\15185\AppData\Local\Arm\Packs\NordicSemiconductor\nRF_DeviceFamilyPack\8.27.1\Device\Include

<h2>Collection of Component Files used:</h2>

   * Component: ARM::CMSIS:CORE:4.3.0

   * Component: ARM::CMSIS:DSP:1.4.6
      Include file:  CMSIS\Include\arm_math.h
      Library file:  CMSIS\Lib\ARM\arm_cortexM4l_math.lib

   * Component: NordicSemiconductor::Device:Startup:8.27.1
      Source file:   Device\Source\system_nrf52810.c
      Source file:   Device\Source\arm\arm_startup_nrf52810.s
      Include file:  Device\Include\system_nrf52810.h
      Include file:  Device\Include\system_nrf.h

   * Component: NordicSemiconductor::Device:StartupConfig:8.27.1
      Include file:  Device\Source\startup_config.h
Build Time Elapsed:  00:00:14
</pre>
</body>
</html>
